Copyright 1986-2018 Xilinx, Inc. All Rights Reserved.
------------------------------------------------------------------------------------------
| Tool Version : Vivado v.2018.3 (win64) Build 2405991 Thu Dec  6 23:38:27 MST 2018
| Date         : Mon Dec 20 08:40:00 2021
| Host         : panther running 64-bit major release  (build 9200)
| Command      : report_control_sets -verbose -file hisBuilderFSM_control_sets_placed.rpt
| Design       : hisBuilderFSM
| Device       : xc7z020
------------------------------------------------------------------------------------------

Control Set Information

Table of Contents
-----------------
1. Summary
2. Histogram
3. Flip-Flop Distribution
4. Detailed Control Set Information

1. Summary
----------

+----------------------------------------------------------+-------+
|                          Status                          | Count |
+----------------------------------------------------------+-------+
| Number of unique control sets                            |   860 |
| Unused register locations in slices containing registers |  2797 |
+----------------------------------------------------------+-------+


2. Histogram
------------

+--------+--------------+
| Fanout | Control Sets |
+--------+--------------+
|      1 |          242 |
|      2 |           42 |
|      3 |           53 |
|      4 |           56 |
|      5 |           43 |
|      6 |           55 |
|      7 |           97 |
|      8 |          264 |
|     12 |            1 |
|    16+ |            7 |
+--------+--------------+


3. Flip-Flop Distribution
-------------------------

+--------------+-----------------------+------------------------+-----------------+--------------+
| Clock Enable | Synchronous Set/Reset | Asynchronous Set/Reset | Total Registers | Total Slices |
+--------------+-----------------------+------------------------+-----------------+--------------+
| No           | No                    | No                     |              33 |           14 |
| No           | No                    | Yes                    |             195 |           56 |
| No           | Yes                   | No                     |               0 |            0 |
| Yes          | No                    | No                     |               0 |            0 |
| Yes          | No                    | Yes                    |            4135 |         1716 |
| Yes          | Yes                   | No                     |               0 |            0 |
+--------------+-----------------------+------------------------+-----------------+--------------+


4. Detailed Control Set Information
-----------------------------------

+----------------+--------------------------+------------------------+------------------+----------------+
|  Clock Signal  |       Enable Signal      |    Set/Reset Signal    | Slice Load Count | Bel Load Count |
+----------------+--------------------------+------------------------+------------------+----------------+
|  clk_IBUF_BUFG | BRAM[54][20]_i_1_n_0     | BRAM[63][20]_i_3_n_0   |                1 |              1 |
|  clk_IBUF_BUFG | BRAM[142][20]_i_1_n_0    | BRAM[159][0]_i_1_n_0   |                1 |              1 |
|  clk_IBUF_BUFG | BRAM[161][20]_i_1_n_0    | BRAM[191][0]_i_2_n_0   |                1 |              1 |
|  clk_IBUF_BUFG | BRAM[161][20]_i_1_n_0    | BRAM[166][20]_i_2_n_0  |                1 |              1 |
|  clk_IBUF_BUFG | BRAM[92][20]_i_1_n_0     | BRAM[191][0]_i_2_n_0   |                1 |              1 |
|  clk_IBUF_BUFG | BRAM[172][20]_i_1_n_0    | BRAM[191][0]_i_2_n_0   |                1 |              1 |
|  clk_IBUF_BUFG | BRAM[122][20]_i_1_n_0    | BRAM[191][0]_i_2_n_0   |                1 |              1 |
|  clk_IBUF_BUFG | BRAM[20][20]_i_1_n_0     | BRAM[191][0]_i_2_n_0   |                1 |              1 |
|  clk_IBUF_BUFG | BRAM[166][20]_i_1_n_0    | BRAM[191][0]_i_2_n_0   |                1 |              1 |
|  clk_IBUF_BUFG | BRAM[166][20]_i_1_n_0    | BRAM[166][20]_i_2_n_0  |                1 |              1 |
|  clk_IBUF_BUFG | BRAM[101][20]_i_1_n_0    | BRAM[191][0]_i_2_n_0   |                1 |              1 |
|  clk_IBUF_BUFG | BRAM[22][20]_i_1_n_0     | BRAM[191][0]_i_2_n_0   |                1 |              1 |
|  clk_IBUF_BUFG | BRAM[176][20]_i_1_n_0    | BRAM[191][0]_i_2_n_0   |                1 |              1 |
|  clk_IBUF_BUFG | BRAM[184][20]_i_1_n_0    | BRAM[191][0]_i_2_n_0   |                1 |              1 |
|  clk_IBUF_BUFG | BRAM[168][20]_i_1_n_0    | BRAM[191][0]_i_2_n_0   |                1 |              1 |
|  clk_IBUF_BUFG | BRAM[19][20]_i_1_n_0     | stateRAM[191]_i_2_n_0  |                1 |              1 |
|  clk_IBUF_BUFG | BRAM[173][20]_i_1_n_0    | BRAM[191][0]_i_2_n_0   |                1 |              1 |
|  clk_IBUF_BUFG | BRAM[180][20]_i_1_n_0    | BRAM[191][0]_i_2_n_0   |                1 |              1 |
|  clk_IBUF_BUFG | BRAM[93][20]_i_1_n_0     | BRAM[191][0]_i_2_n_0   |                1 |              1 |
|  clk_IBUF_BUFG | BRAM[23][20]_i_1_n_0     | BRAM[191][0]_i_2_n_0   |                1 |              1 |
|  clk_IBUF_BUFG | BRAM[179][20]_i_1_n_0    | BRAM[191][0]_i_2_n_0   |                1 |              1 |
|  clk_IBUF_BUFG | BRAM[170][20]_i_1_n_0    | BRAM[191][0]_i_2_n_0   |                1 |              1 |
|  clk_IBUF_BUFG | BRAM[182][20]_i_1_n_0    | BRAM[191][0]_i_2_n_0   |                1 |              1 |
|  clk_IBUF_BUFG | BRAM[21][20]_i_1_n_0     | BRAM[191][0]_i_2_n_0   |                1 |              1 |
|  clk_IBUF_BUFG | BRAM[152][20]_i_1_n_0    | BRAM[159][20]_i_2_n_0  |                1 |              1 |
|  clk_IBUF_BUFG | BRAM[169][20]_i_1_n_0    | BRAM[191][0]_i_2_n_0   |                1 |              1 |
|  clk_IBUF_BUFG | BRAM[100][20]_i_1_n_0    | BRAM[191][0]_i_2_n_0   |                1 |              1 |
|  clk_IBUF_BUFG | BRAM[24][20]_i_1_n_0     | BRAM[191][0]_i_2_n_0   |                1 |              1 |
|  clk_IBUF_BUFG | BRAM[152][20]_i_1_n_0    | BRAM[159][0]_i_1_n_0   |                1 |              1 |
|  clk_IBUF_BUFG | BRAM[190][20]_i_1_n_0    | BRAM[191][1]_i_2_n_0   |                1 |              1 |
|  clk_IBUF_BUFG | BRAM[94][20]_i_1_n_0     | BRAM[191][0]_i_2_n_0   |                1 |              1 |
|  clk_IBUF_BUFG | BRAM[26][20]_i_1_n_0     | BRAM[191][0]_i_2_n_0   |                1 |              1 |
|  clk_IBUF_BUFG | BRAM[162][20]_i_1_n_0    | BRAM[191][0]_i_2_n_0   |                1 |              1 |
|  clk_IBUF_BUFG | BRAM[190][20]_i_1_n_0    | BRAM[191][0]_i_2_n_0   |                1 |              1 |
|  clk_IBUF_BUFG | BRAM[157][20]_i_1_n_0    | BRAM[159][20]_i_2_n_0  |                1 |              1 |
|  clk_IBUF_BUFG | BRAM[27][20]_i_1_n_0     | BRAM[191][0]_i_2_n_0   |                1 |              1 |
|  clk_IBUF_BUFG | BRAM[162][20]_i_1_n_0    | BRAM[166][20]_i_2_n_0  |                1 |              1 |
|  clk_IBUF_BUFG | BRAM[157][20]_i_1_n_0    | BRAM[159][0]_i_1_n_0   |                1 |              1 |
|  clk_IBUF_BUFG | BRAM[136][20]_i_1_n_0    | BRAM[159][0]_i_1_n_0   |                1 |              1 |
|  clk_IBUF_BUFG | BRAM[1][20]_i_1_n_0      | BRAM[191][0]_i_2_n_0   |                1 |              1 |
|  clk_IBUF_BUFG | BRAM[160][20]_i_1_n_0    | BRAM[191][0]_i_2_n_0   |                1 |              1 |
|  clk_IBUF_BUFG | BRAM[160][20]_i_1_n_0    | BRAM[166][20]_i_2_n_0  |                1 |              1 |
|  clk_IBUF_BUFG | BRAM[159][20]_i_1_n_0    | BRAM[159][20]_i_2_n_0  |                1 |              1 |
|  clk_IBUF_BUFG | BRAM[28][20]_i_1_n_0     | BRAM[191][0]_i_2_n_0   |                1 |              1 |
|  clk_IBUF_BUFG | BRAM[156][20]_i_1_n_0    | BRAM[159][20]_i_2_n_0  |                1 |              1 |
|  clk_IBUF_BUFG | BRAM[159][20]_i_1_n_0    | BRAM[159][0]_i_1_n_0   |                1 |              1 |
|  clk_IBUF_BUFG | BRAM[156][20]_i_1_n_0    | BRAM[159][0]_i_1_n_0   |                1 |              1 |
|  clk_IBUF_BUFG | BRAM[2][20]_i_1_n_0      | BRAM[191][0]_i_2_n_0   |                1 |              1 |
|  clk_IBUF_BUFG | BRAM[158][20]_i_1_n_0    | BRAM[159][20]_i_2_n_0  |                1 |              1 |
|  clk_IBUF_BUFG | BRAM[158][20]_i_1_n_0    | BRAM[159][0]_i_1_n_0   |                1 |              1 |
|  clk_IBUF_BUFG | BRAM[98][20]_i_1_n_0     | BRAM[127][20]_i_3_n_0  |                1 |              1 |
|  clk_IBUF_BUFG | BRAM[25][20]_i_1_n_0     | BRAM[191][0]_i_2_n_0   |                1 |              1 |
|  clk_IBUF_BUFG | BRAM[153][20]_i_1_n_0    | BRAM[159][20]_i_2_n_0  |                1 |              1 |
|  clk_IBUF_BUFG | BRAM[148][20]_i_1_n_0    | BRAM[159][0]_i_1_n_0   |                1 |              1 |
|  clk_IBUF_BUFG | BRAM[114][20]_i_1_n_0    | BRAM[191][0]_i_2_n_0   |                1 |              1 |
|  clk_IBUF_BUFG | BRAM[30][20]_i_1_n_0     | BRAM[191][0]_i_2_n_0   |                1 |              1 |
|  clk_IBUF_BUFG | BRAM[153][20]_i_1_n_0    | BRAM[159][0]_i_1_n_0   |                1 |              1 |
|  clk_IBUF_BUFG | BRAM[12][20]_i_1_n_0     | BRAM[191][0]_i_2_n_0   |                1 |              1 |
|  clk_IBUF_BUFG | BRAM[98][20]_i_1_n_0     | BRAM[191][0]_i_2_n_0   |                1 |              1 |
|  clk_IBUF_BUFG | BRAM[29][20]_i_1_n_0     | BRAM[191][0]_i_2_n_0   |                1 |              1 |
|  clk_IBUF_BUFG | BRAM[128][20]_i_1_n_0    | BRAM[159][0]_i_1_n_0   |                1 |              1 |
|  clk_IBUF_BUFG | BRAM[10][20]_i_1_n_0     | BRAM[191][0]_i_2_n_0   |                1 |              1 |
|  clk_IBUF_BUFG | BRAM[140][20]_i_1_n_0    | BRAM[159][0]_i_1_n_0   |                1 |              1 |
|  clk_IBUF_BUFG | BRAM[35][20]_i_1_n_0     | stateRAM[191]_i_2_n_0  |                1 |              1 |
|  clk_IBUF_BUFG | BRAM[37][20]_i_1_n_0     | stateRAM[191]_i_2_n_0  |                1 |              1 |
|  clk_IBUF_BUFG | BRAM[144][20]_i_1_n_0    | BRAM[191][0]_i_2_n_0   |                1 |              1 |
|  clk_IBUF_BUFG | BRAM[133][20]_i_1_n_0    | BRAM[159][0]_i_1_n_0   |                1 |              1 |
|  clk_IBUF_BUFG | BRAM[137][20]_i_1_n_0    | BRAM[159][0]_i_1_n_0   |                1 |              1 |
|  clk_IBUF_BUFG | BRAM[3][20]_i_1_n_0      | BRAM[191][0]_i_2_n_0   |                1 |              1 |
|  clk_IBUF_BUFG | BRAM[15][20]_i_1_n_0     | BRAM[191][0]_i_2_n_0   |                1 |              1 |
|  clk_IBUF_BUFG | BRAM[151][20]_i_1_n_0    | BRAM[159][20]_i_2_n_0  |                1 |              1 |
|  clk_IBUF_BUFG | BRAM[163][20]_i_1_n_0    | BRAM[191][0]_i_2_n_0   |                1 |              1 |
|  clk_IBUF_BUFG | BRAM[55][20]_i_1_n_0     | BRAM[63][20]_i_3_n_0   |                1 |              1 |
|  clk_IBUF_BUFG | BRAM[55][20]_i_1_n_0     | stateRAM[191]_i_2_n_0  |                1 |              1 |
|  clk_IBUF_BUFG | BRAM[151][20]_i_1_n_0    | BRAM[159][0]_i_1_n_0   |                1 |              1 |
|  clk_IBUF_BUFG | BRAM[163][20]_i_1_n_0    | BRAM[166][20]_i_2_n_0  |                1 |              1 |
|  clk_IBUF_BUFG | BRAM[100][20]_i_1_n_0    | BRAM[127][20]_i_3_n_0  |                1 |              1 |
|  clk_IBUF_BUFG | BRAM[125][20]_i_1_n_0    | BRAM[191][0]_i_2_n_0   |                1 |              1 |
|  clk_IBUF_BUFG | BRAM[43][20]_i_1_n_0     | stateRAM[191]_i_2_n_0  |                1 |              1 |
|  clk_IBUF_BUFG | BRAM[77][20]_i_1_n_0     | BRAM[191][0]_i_2_n_0   |                1 |              1 |
|  clk_IBUF_BUFG | BRAM[91][20]_i_1_n_0     | BRAM[191][0]_i_2_n_0   |                1 |              1 |
|  clk_IBUF_BUFG | BRAM[184][20]_i_1_n_0    | BRAM[191][1]_i_2_n_0   |                1 |              1 |
|  clk_IBUF_BUFG | BRAM[62][20]_i_1_n_0     | BRAM[63][20]_i_3_n_0   |                1 |              1 |
|  clk_IBUF_BUFG | BRAM[62][20]_i_1_n_0     | stateRAM[191]_i_2_n_0  |                1 |              1 |
|  clk_IBUF_BUFG | BRAM[129][20]_i_1_n_0    | BRAM[159][0]_i_1_n_0   |                1 |              1 |
|  clk_IBUF_BUFG | BRAM[121][20]_i_1_n_0    | BRAM[191][0]_i_2_n_0   |                1 |              1 |
|  clk_IBUF_BUFG | BRAM[104][20]_i_1_n_0    | BRAM[191][0]_i_2_n_0   |                1 |              1 |
|  clk_IBUF_BUFG | BRAM[97][20]_i_1_n_0     | BRAM[127][20]_i_3_n_0  |                1 |              1 |
|  clk_IBUF_BUFG | BRAM[39][20]_i_1_n_0     | stateRAM[191]_i_2_n_0  |                1 |              1 |
|  clk_IBUF_BUFG | BRAM[130][20]_i_1_n_0    | BRAM[159][0]_i_1_n_0   |                1 |              1 |
|  clk_IBUF_BUFG | BRAM[52][20]_i_1_n_0     | BRAM[63][20]_i_3_n_0   |                1 |              1 |
|  clk_IBUF_BUFG | BRAM[90][20]_i_1_n_0     | BRAM[191][0]_i_2_n_0   |                1 |              1 |
|  clk_IBUF_BUFG | BRAM[52][20]_i_1_n_0     | stateRAM[191]_i_2_n_0  |                1 |              1 |
|  clk_IBUF_BUFG | BRAM[36][20]_i_1_n_0     | stateRAM[191]_i_2_n_0  |                1 |              1 |
|  clk_IBUF_BUFG | BRAM[81][20]_i_1_n_0     | BRAM[191][0]_i_2_n_0   |                1 |              1 |
|  clk_IBUF_BUFG | BRAM[84][20]_i_1_n_0     | BRAM[191][0]_i_2_n_0   |                1 |              1 |
|  clk_IBUF_BUFG | BRAM[145][20]_i_1_n_0    | BRAM[159][0]_i_1_n_0   |                1 |              1 |
|  clk_IBUF_BUFG | BRAM[111][20]_i_1_n_0    | BRAM[191][0]_i_2_n_0   |                1 |              1 |
|  clk_IBUF_BUFG | BRAM[41][20]_i_1_n_0     | stateRAM[191]_i_2_n_0  |                1 |              1 |
|  clk_IBUF_BUFG | BRAM[115][20]_i_1_n_0    | BRAM[191][0]_i_2_n_0   |                1 |              1 |
|  clk_IBUF_BUFG | BRAM[116][20]_i_1_n_0    | BRAM[191][0]_i_2_n_0   |                1 |              1 |
|  clk_IBUF_BUFG | BRAM[104][20]_i_1_n_0    | BRAM[127][20]_i_3_n_0  |                1 |              1 |
|  clk_IBUF_BUFG | BRAM[56][20]_i_1_n_0     | BRAM[63][20]_i_3_n_0   |                1 |              1 |
|  clk_IBUF_BUFG | BRAM[45][20]_i_1_n_0     | stateRAM[191]_i_2_n_0  |                1 |              1 |
|  clk_IBUF_BUFG | BRAM[9][20]_i_1_n_0      | BRAM[191][0]_i_2_n_0   |                1 |              1 |
|  clk_IBUF_BUFG | BRAM[135][20]_i_1_n_0    | BRAM[159][0]_i_1_n_0   |                1 |              1 |
|  clk_IBUF_BUFG | BRAM[8][20]_i_1_n_0      | BRAM[191][0]_i_2_n_0   |                1 |              1 |
|  clk_IBUF_BUFG | BRAM[56][20]_i_1_n_0     | stateRAM[191]_i_2_n_0  |                1 |              1 |
|  clk_IBUF_BUFG | BRAM[48][20]_i_1_n_0     | stateRAM[191]_i_2_n_0  |                1 |              1 |
|  clk_IBUF_BUFG | BRAM[119][20]_i_1_n_0    | BRAM[191][0]_i_2_n_0   |                1 |              1 |
|  clk_IBUF_BUFG | BRAM[79][20]_i_1_n_0     | BRAM[191][0]_i_2_n_0   |                1 |              1 |
|  clk_IBUF_BUFG | BRAM[89][20]_i_1_n_0     | BRAM[191][0]_i_2_n_0   |                1 |              1 |
|  clk_IBUF_BUFG | BRAM[60][20]_i_1_n_0     | BRAM[63][20]_i_3_n_0   |                1 |              1 |
|  clk_IBUF_BUFG | BRAM[60][20]_i_1_n_0     | stateRAM[191]_i_2_n_0  |                1 |              1 |
|  clk_IBUF_BUFG | BRAM[0][20]_i_1_n_0      | BRAM[191][0]_i_2_n_0   |                1 |              1 |
|  clk_IBUF_BUFG | BRAM[141][20]_i_1_n_0    | BRAM[159][0]_i_1_n_0   |                1 |              1 |
|  clk_IBUF_BUFG | BRAM[123][20]_i_1_n_0    | BRAM[191][0]_i_2_n_0   |                1 |              1 |
|  clk_IBUF_BUFG | BRAM[63][20]_i_1_n_0     | BRAM[63][20]_i_3_n_0   |                1 |              1 |
|  clk_IBUF_BUFG | BRAM[63][20]_i_1_n_0     | stateRAM[191]_i_2_n_0  |                1 |              1 |
|  clk_IBUF_BUFG | BRAM[68][20]_i_1_n_0     | BRAM[191][0]_i_2_n_0   |                1 |              1 |
|  clk_IBUF_BUFG | BRAM[139][20]_i_1_n_0    | BRAM[159][0]_i_1_n_0   |                1 |              1 |
|  clk_IBUF_BUFG | BRAM[88][20]_i_1_n_0     | BRAM[191][0]_i_2_n_0   |                1 |              1 |
|  clk_IBUF_BUFG | BRAM[127][20]_i_1_n_0    | BRAM[191][0]_i_2_n_0   |                1 |              1 |
|  clk_IBUF_BUFG | BRAM[54][20]_i_1_n_0     | stateRAM[191]_i_2_n_0  |                1 |              1 |
|  clk_IBUF_BUFG | BRAM[64][20]_i_1_n_0     | BRAM[191][0]_i_2_n_0   |                1 |              1 |
|  clk_IBUF_BUFG | BRAM[87][20]_i_1_n_0     | BRAM[191][0]_i_2_n_0   |                1 |              1 |
|  clk_IBUF_BUFG | BRAM[14][20]_i_1_n_0     | BRAM[191][0]_i_2_n_0   |                1 |              1 |
|  clk_IBUF_BUFG | BRAM[102][20]_i_1_n_0    | BRAM[191][0]_i_2_n_0   |                1 |              1 |
|  clk_IBUF_BUFG | BRAM[46][20]_i_1_n_0     | stateRAM[191]_i_2_n_0  |                1 |              1 |
|  clk_IBUF_BUFG | BRAM[112][20]_i_1_n_0    | BRAM[191][0]_i_2_n_0   |                1 |              1 |
|  clk_IBUF_BUFG | BRAM[86][20]_i_1_n_0     | BRAM[191][0]_i_2_n_0   |                1 |              1 |
|  clk_IBUF_BUFG | BRAM[72][20]_i_1_n_0     | BRAM[191][0]_i_2_n_0   |                1 |              1 |
|  clk_IBUF_BUFG | BRAM[58][20]_i_1_n_0     | BRAM[63][20]_i_3_n_0   |                1 |              1 |
|  clk_IBUF_BUFG | BRAM[58][20]_i_1_n_0     | stateRAM[191]_i_2_n_0  |                1 |              1 |
|  clk_IBUF_BUFG | BRAM[154][20]_i_1_n_0    | BRAM[159][20]_i_2_n_0  |                1 |              1 |
|  clk_IBUF_BUFG | BRAM[109][20]_i_1_n_0    | BRAM[191][0]_i_2_n_0   |                1 |              1 |
|  clk_IBUF_BUFG | BRAM[154][20]_i_1_n_0    | BRAM[159][0]_i_1_n_0   |                1 |              1 |
|  clk_IBUF_BUFG | BRAM[5][20]_i_1_n_0      | BRAM[191][0]_i_2_n_0   |                1 |              1 |
|  clk_IBUF_BUFG | BRAM[76][20]_i_1_n_0     | BRAM[191][0]_i_2_n_0   |                1 |              1 |
|  clk_IBUF_BUFG | BRAM[132][20]_i_1_n_0    | BRAM[159][0]_i_1_n_0   |                1 |              1 |
|  clk_IBUF_BUFG | BRAM[110][20]_i_1_n_0    | BRAM[191][0]_i_2_n_0   |                1 |              1 |
|  clk_IBUF_BUFG | BRAM[57][20]_i_1_n_0     | BRAM[63][20]_i_3_n_0   |                1 |              1 |
|  clk_IBUF_BUFG | BRAM[57][20]_i_1_n_0     | stateRAM[191]_i_2_n_0  |                1 |              1 |
|  clk_IBUF_BUFG | BRAM[82][20]_i_1_n_0     | BRAM[191][0]_i_2_n_0   |                1 |              1 |
|  clk_IBUF_BUFG | BRAM[138][20]_i_1_n_0    | BRAM[159][0]_i_1_n_0   |                1 |              1 |
|  clk_IBUF_BUFG | BRAM[105][20]_i_1_n_0    | BRAM[191][0]_i_2_n_0   |                1 |              1 |
|  clk_IBUF_BUFG | BRAM[51][20]_i_1_n_0     | BRAM[63][20]_i_3_n_0   |                1 |              1 |
|  clk_IBUF_BUFG | BRAM[51][20]_i_1_n_0     | stateRAM[191]_i_2_n_0  |                1 |              1 |
|  clk_IBUF_BUFG | BRAM[75][20]_i_1_n_0     | BRAM[191][0]_i_2_n_0   |                1 |              1 |
|  clk_IBUF_BUFG | BRAM[85][20]_i_1_n_0     | BRAM[191][0]_i_2_n_0   |                1 |              1 |
|  clk_IBUF_BUFG | BRAM[143][20]_i_1_n_0    | BRAM[159][0]_i_1_n_0   |                1 |              1 |
|  clk_IBUF_BUFG | BRAM[59][20]_i_1_n_0     | BRAM[63][20]_i_3_n_0   |                1 |              1 |
|  clk_IBUF_BUFG | BRAM[33][20]_i_1_n_0     | stateRAM[191]_i_2_n_0  |                1 |              1 |
|  clk_IBUF_BUFG | BRAM[107][20]_i_1_n_0    | BRAM[191][0]_i_2_n_0   |                1 |              1 |
|  clk_IBUF_BUFG | BRAM[113][20]_i_1_n_0    | BRAM[191][0]_i_2_n_0   |                1 |              1 |
|  clk_IBUF_BUFG | BRAM[67][20]_i_1_n_0     | BRAM[191][0]_i_2_n_0   |                1 |              1 |
|  clk_IBUF_BUFG | BRAM[59][20]_i_1_n_0     | stateRAM[191]_i_2_n_0  |                1 |              1 |
|  clk_IBUF_BUFG | BRAM[47][20]_i_1_n_0     | stateRAM[191]_i_2_n_0  |                1 |              1 |
|  clk_IBUF_BUFG | BRAM[155][20]_i_1_n_0    | BRAM[159][20]_i_2_n_0  |                1 |              1 |
|  clk_IBUF_BUFG | BRAM[155][20]_i_1_n_0    | BRAM[159][0]_i_1_n_0   |                1 |              1 |
|  clk_IBUF_BUFG | BRAM[70][20]_i_1_n_0     | BRAM[191][0]_i_2_n_0   |                1 |              1 |
|  clk_IBUF_BUFG | BRAM[50][20]_i_1_n_0     | BRAM[63][20]_i_3_n_0   |                1 |              1 |
|  clk_IBUF_BUFG | BRAM[50][20]_i_1_n_0     | stateRAM[191]_i_2_n_0  |                1 |              1 |
|  clk_IBUF_BUFG | BRAM[65][20]_i_1_n_0     | BRAM[191][0]_i_2_n_0   |                1 |              1 |
|  clk_IBUF_BUFG | BRAM[103][20]_i_1_n_0    | BRAM[127][20]_i_3_n_0  |                1 |              1 |
|  clk_IBUF_BUFG | BRAM[134][20]_i_1_n_0    | BRAM[159][0]_i_1_n_0   |                1 |              1 |
|  clk_IBUF_BUFG | BRAM[99][20]_i_1_n_0     | BRAM[127][20]_i_3_n_0  |                1 |              1 |
|  clk_IBUF_BUFG | BRAM[38][20]_i_1_n_0     | stateRAM[191]_i_2_n_0  |                1 |              1 |
|  clk_IBUF_BUFG | BRAM[118][20]_i_1_n_0    | BRAM[191][0]_i_2_n_0   |                1 |              1 |
|  clk_IBUF_BUFG | BRAM[69][20]_i_1_n_0     | BRAM[191][0]_i_2_n_0   |                1 |              1 |
|  clk_IBUF_BUFG | BRAM[71][20]_i_1_n_0     | BRAM[191][0]_i_2_n_0   |                1 |              1 |
|  clk_IBUF_BUFG | BRAM[96][20]_i_1_n_0     | BRAM[191][0]_i_2_n_0   |                1 |              1 |
|  clk_IBUF_BUFG | BRAM[42][20]_i_1_n_0     | stateRAM[191]_i_2_n_0  |                1 |              1 |
|  clk_IBUF_BUFG | BRAM[131][20]_i_1_n_0    | BRAM[159][0]_i_1_n_0   |                1 |              1 |
|  clk_IBUF_BUFG | BRAM[6][20]_i_1_n_0      | BRAM[191][0]_i_2_n_0   |                1 |              1 |
|  clk_IBUF_BUFG | BRAM[120][20]_i_1_n_0    | BRAM[191][0]_i_2_n_0   |                1 |              1 |
|  clk_IBUF_BUFG | BRAM[34][20]_i_1_n_0     | stateRAM[191]_i_2_n_0  |                1 |              1 |
|  clk_IBUF_BUFG | BRAM[44][20]_i_1_n_0     | stateRAM[191]_i_2_n_0  |                1 |              1 |
|  clk_IBUF_BUFG | BRAM[83][20]_i_1_n_0     | BRAM[191][0]_i_2_n_0   |                1 |              1 |
|  clk_IBUF_BUFG | BRAM[124][20]_i_1_n_0    | BRAM[191][0]_i_2_n_0   |                1 |              1 |
|  clk_IBUF_BUFG | BRAM[80][20]_i_1_n_0     | BRAM[191][0]_i_2_n_0   |                1 |              1 |
|  clk_IBUF_BUFG | BRAM[49][20]_i_1_n_0     | BRAM[63][20]_i_3_n_0   |                1 |              1 |
|  clk_IBUF_BUFG | BRAM[49][20]_i_1_n_0     | stateRAM[191]_i_2_n_0  |                1 |              1 |
|  clk_IBUF_BUFG | BRAM[149][20]_i_1_n_0    | BRAM[159][0]_i_1_n_0   |                1 |              1 |
|  clk_IBUF_BUFG | BRAM[11][20]_i_1_n_0     | BRAM[191][0]_i_2_n_0   |                1 |              1 |
|  clk_IBUF_BUFG | BRAM[13][20]_i_1_n_0     | BRAM[191][0]_i_2_n_0   |                1 |              1 |
|  clk_IBUF_BUFG | BRAM[108][20]_i_1_n_0    | BRAM[191][0]_i_2_n_0   |                1 |              1 |
|  clk_IBUF_BUFG | BRAM[40][20]_i_1_n_0     | stateRAM[191]_i_2_n_0  |                1 |              1 |
|  clk_IBUF_BUFG | BRAM[7][20]_i_1_n_0      | BRAM[191][0]_i_2_n_0   |                1 |              1 |
|  clk_IBUF_BUFG | BRAM[106][20]_i_1_n_0    | BRAM[191][0]_i_2_n_0   |                1 |              1 |
|  clk_IBUF_BUFG | BRAM[101][20]_i_1_n_0    | BRAM[127][20]_i_3_n_0  |                1 |              1 |
|  clk_IBUF_BUFG | BRAM[4][20]_i_1_n_0      | BRAM[191][0]_i_2_n_0   |                1 |              1 |
|  clk_IBUF_BUFG | BRAM[150][20]_i_1_n_0    | BRAM[159][20]_i_2_n_0  |                1 |              1 |
|  clk_IBUF_BUFG | BRAM[150][20]_i_1_n_0    | BRAM[159][0]_i_1_n_0   |                1 |              1 |
|  clk_IBUF_BUFG | BRAM[74][20]_i_1_n_0     | BRAM[191][0]_i_2_n_0   |                1 |              1 |
|  clk_IBUF_BUFG | BRAM[53][20]_i_1_n_0     | BRAM[63][20]_i_3_n_0   |                1 |              1 |
|  clk_IBUF_BUFG | BRAM[53][20]_i_1_n_0     | stateRAM[191]_i_2_n_0  |                1 |              1 |
|  clk_IBUF_BUFG | BRAM[117][20]_i_1_n_0    | BRAM[191][0]_i_2_n_0   |                1 |              1 |
|  clk_IBUF_BUFG | BRAM[102][20]_i_1_n_0    | BRAM[127][20]_i_3_n_0  |                1 |              1 |
|  clk_IBUF_BUFG | BRAM[95][20]_i_1_n_0     | BRAM[191][0]_i_2_n_0   |                1 |              1 |
|  clk_IBUF_BUFG | BRAM[61][20]_i_1_n_0     | BRAM[63][20]_i_3_n_0   |                1 |              1 |
|  clk_IBUF_BUFG | BRAM[61][20]_i_1_n_0     | stateRAM[191]_i_2_n_0  |                1 |              1 |
|  clk_IBUF_BUFG | BRAM[73][20]_i_1_n_0     | BRAM[191][0]_i_2_n_0   |                1 |              1 |
|  clk_IBUF_BUFG | BRAM[103][20]_i_1_n_0    | BRAM[191][0]_i_2_n_0   |                1 |              1 |
|  clk_IBUF_BUFG | BRAM[78][20]_i_1_n_0     | BRAM[191][0]_i_2_n_0   |                1 |              1 |
|  clk_IBUF_BUFG | BRAM[31][20]_i_1_n_0     | BRAM[191][0]_i_2_n_0   |                1 |              1 |
|  clk_IBUF_BUFG | BRAM[147][20]_i_1_n_0    | BRAM[159][0]_i_1_n_0   |                1 |              1 |
|  clk_IBUF_BUFG | BRAM[126][20]_i_1_n_0    | BRAM[191][0]_i_2_n_0   |                1 |              1 |
|  clk_IBUF_BUFG | BRAM[97][20]_i_1_n_0     | BRAM[191][0]_i_2_n_0   |                1 |              1 |
|  clk_IBUF_BUFG | BRAM[66][20]_i_1_n_0     | BRAM[191][0]_i_2_n_0   |                1 |              1 |
|  clk_IBUF_BUFG | BRAM[32][20]_i_1_n_0     | stateRAM[191]_i_2_n_0  |                1 |              1 |
|  clk_IBUF_BUFG | BRAM[99][20]_i_1_n_0     | BRAM[191][0]_i_2_n_0   |                1 |              1 |
|  clk_IBUF_BUFG | BRAM[96][20]_i_1_n_0     | BRAM[127][20]_i_3_n_0  |                1 |              1 |
|  clk_IBUF_BUFG | BRAM[146][20]_i_1_n_0    | BRAM[159][0]_i_1_n_0   |                1 |              1 |
|  clk_IBUF_BUFG | BRAM[185][20]_i_1_n_0    | BRAM[191][0]_i_2_n_0   |                1 |              1 |
|  clk_IBUF_BUFG | BRAM[185][20]_i_1_n_0    | BRAM[191][1]_i_2_n_0   |                1 |              1 |
|  clk_IBUF_BUFG | BRAM[186][20]_i_1_n_0    | BRAM[191][0]_i_2_n_0   |                1 |              1 |
|  clk_IBUF_BUFG | BRAM[186][20]_i_1_n_0    | BRAM[191][1]_i_2_n_0   |                1 |              1 |
|  clk_IBUF_BUFG | BRAM[16][20]_i_1_n_0     | stateRAM[191]_i_2_n_0  |                1 |              1 |
|  clk_IBUF_BUFG | BRAM[174][20]_i_1_n_0    | BRAM[191][0]_i_2_n_0   |                1 |              1 |
|  clk_IBUF_BUFG | BRAM[177][20]_i_1_n_0    | BRAM[191][0]_i_2_n_0   |                1 |              1 |
|  clk_IBUF_BUFG | BRAM[188][20]_i_1_n_0    | BRAM[191][0]_i_2_n_0   |                1 |              1 |
|  clk_IBUF_BUFG | BRAM[188][20]_i_1_n_0    | BRAM[191][1]_i_2_n_0   |                1 |              1 |
|  clk_IBUF_BUFG | BRAM[178][20]_i_1_n_0    | BRAM[191][0]_i_2_n_0   |                1 |              1 |
|  clk_IBUF_BUFG | BRAM[181][20]_i_1_n_0    | BRAM[191][0]_i_2_n_0   |                1 |              1 |
|  clk_IBUF_BUFG | BRAM[187][20]_i_1_n_0    | BRAM[191][0]_i_2_n_0   |                1 |              1 |
|  clk_IBUF_BUFG | BRAM[187][20]_i_1_n_0    | BRAM[191][1]_i_2_n_0   |                1 |              1 |
|  clk_IBUF_BUFG | BRAM[167][20]_i_1_n_0    | BRAM[191][0]_i_2_n_0   |                1 |              1 |
|  clk_IBUF_BUFG | BRAM[165][20]_i_1_n_0    | BRAM[166][20]_i_2_n_0  |                1 |              1 |
|  clk_IBUF_BUFG | BRAM[165][20]_i_1_n_0    | BRAM[191][0]_i_2_n_0   |                1 |              1 |
|  clk_IBUF_BUFG | BRAM[17][20]_i_1_n_0     | stateRAM[191]_i_2_n_0  |                1 |              1 |
|  clk_IBUF_BUFG | BRAM[171][20]_i_1_n_0    | BRAM[191][0]_i_2_n_0   |                1 |              1 |
|  clk_IBUF_BUFG | BRAM[18][20]_i_1_n_0     | stateRAM[191]_i_2_n_0  |                1 |              1 |
|  clk_IBUF_BUFG | BRAM[164][20]_i_1_n_0    | BRAM[166][20]_i_2_n_0  |                1 |              1 |
|  clk_IBUF_BUFG | BRAM[164][20]_i_1_n_0    | BRAM[191][0]_i_2_n_0   |                1 |              1 |
|  clk_IBUF_BUFG | BRAM[175][20]_i_1_n_0    | BRAM[191][0]_i_2_n_0   |                1 |              1 |
|  clk_IBUF_BUFG | BRAM[183][20]_i_1_n_0    | BRAM[191][0]_i_2_n_0   |                1 |              1 |
|  clk_IBUF_BUFG | BRAM[189][20]_i_1_n_0    | BRAM[191][0]_i_2_n_0   |                1 |              1 |
|  clk_IBUF_BUFG | BRAM[189][20]_i_1_n_0    | BRAM[191][1]_i_2_n_0   |                1 |              1 |
|  clk_IBUF_BUFG | BRAM[191][20]_i_1_n_0    | BRAM[191][0]_i_2_n_0   |                1 |              1 |
|  clk_IBUF_BUFG | BRAM[191][20]_i_1_n_0    | BRAM[191][1]_i_2_n_0   |                1 |              1 |
|  clk_IBUF_BUFG | wrEn_IBUF                | BRAM[63][4]_i_2_n_0    |                1 |              1 |
|  clk_IBUF_BUFG | BRAM[35][20]_i_1_n_0     | BRAM[47][3]_i_1_n_0    |                1 |              2 |
|  clk_IBUF_BUFG | BRAM[34][20]_i_1_n_0     | BRAM[47][3]_i_1_n_0    |                1 |              2 |
|  clk_IBUF_BUFG | BRAM[34][20]_i_1_n_0     | BRAM[127][6]_i_2_n_0   |                1 |              2 |
|  clk_IBUF_BUFG | BRAM[40][20]_i_1_n_0     | BRAM[47][3]_i_1_n_0    |                1 |              2 |
|  clk_IBUF_BUFG | BRAM[108][20]_i_1_n_0    | BRAM[127][20]_i_3_n_0  |                1 |              2 |
|  clk_IBUF_BUFG | BRAM[111][20]_i_1_n_0    | BRAM[127][20]_i_3_n_0  |                1 |              2 |
|  clk_IBUF_BUFG | BRAM[111][20]_i_1_n_0    | BRAM[111][20]_i_2_n_0  |                1 |              2 |
|  clk_IBUF_BUFG | BRAM[106][20]_i_1_n_0    | BRAM[127][20]_i_3_n_0  |                1 |              2 |
|  clk_IBUF_BUFG | BRAM[105][20]_i_1_n_0    | BRAM[127][20]_i_3_n_0  |                1 |              2 |
|  clk_IBUF_BUFG | BRAM[110][20]_i_1_n_0    | BRAM[127][20]_i_3_n_0  |                2 |              2 |
|  clk_IBUF_BUFG | BRAM[109][20]_i_1_n_0    | BRAM[127][20]_i_3_n_0  |                2 |              2 |
|  clk_IBUF_BUFG | BRAM[144][20]_i_1_n_0    | BRAM[159][20]_i_2_n_0  |                1 |              2 |
|  clk_IBUF_BUFG | BRAM[148][20]_i_1_n_0    | BRAM[159][20]_i_2_n_0  |                1 |              2 |
|  clk_IBUF_BUFG | wrEn_IBUF                | BRAM[159][0]_i_1_n_0   |                1 |              2 |
|  clk_IBUF_BUFG | BRAM[48][20]_i_1_n_0     | BRAM[63][20]_i_3_n_0   |                1 |              2 |
|  clk_IBUF_BUFG | BRAM[37][20]_i_1_n_0     | BRAM[127][6]_i_2_n_0   |                1 |              2 |
|  clk_IBUF_BUFG | BRAM[43][20]_i_1_n_0     | BRAM[127][6]_i_2_n_0   |                2 |              2 |
|  clk_IBUF_BUFG | BRAM[39][20]_i_1_n_0     | BRAM[47][3]_i_1_n_0    |                1 |              2 |
|  clk_IBUF_BUFG | BRAM[39][20]_i_1_n_0     | BRAM[127][6]_i_2_n_0   |                1 |              2 |
|  clk_IBUF_BUFG | BRAM[36][20]_i_1_n_0     | BRAM[47][3]_i_1_n_0    |                1 |              2 |
|  clk_IBUF_BUFG | BRAM[36][20]_i_1_n_0     | BRAM[127][6]_i_2_n_0   |                1 |              2 |
|  clk_IBUF_BUFG | BRAM[145][20]_i_1_n_0    | BRAM[159][20]_i_2_n_0  |                1 |              2 |
|  clk_IBUF_BUFG | BRAM[41][20]_i_1_n_0     | BRAM[47][3]_i_1_n_0    |                1 |              2 |
|  clk_IBUF_BUFG | BRAM[41][20]_i_1_n_0     | BRAM[127][6]_i_2_n_0   |                1 |              2 |
|  clk_IBUF_BUFG | BRAM[45][20]_i_1_n_0     | BRAM[127][6]_i_2_n_0   |                1 |              2 |
|  clk_IBUF_BUFG | BRAM[35][20]_i_1_n_0     | BRAM[127][6]_i_2_n_0   |                2 |              2 |
|  clk_IBUF_BUFG | BRAM[37][20]_i_1_n_0     | BRAM[47][3]_i_1_n_0    |                1 |              2 |
|  clk_IBUF_BUFG | BRAM[46][20]_i_1_n_0     | BRAM[127][6]_i_2_n_0   |                1 |              2 |
|  clk_IBUF_BUFG | BRAM[33][20]_i_1_n_0     | BRAM[47][3]_i_1_n_0    |                1 |              2 |
|  clk_IBUF_BUFG | BRAM[33][20]_i_1_n_0     | BRAM[127][6]_i_2_n_0   |                2 |              2 |
|  clk_IBUF_BUFG | BRAM[47][20]_i_1_n_0     | BRAM[127][6]_i_2_n_0   |                2 |              2 |
|  clk_IBUF_BUFG | BRAM[38][20]_i_1_n_0     | BRAM[47][3]_i_1_n_0    |                1 |              2 |
|  clk_IBUF_BUFG | BRAM[38][20]_i_1_n_0     | BRAM[127][6]_i_2_n_0   |                1 |              2 |
|  clk_IBUF_BUFG | BRAM[107][20]_i_1_n_0    | BRAM[127][20]_i_3_n_0  |                1 |              2 |
|  clk_IBUF_BUFG | BRAM[42][20]_i_1_n_0     | BRAM[127][6]_i_2_n_0   |                1 |              2 |
|  clk_IBUF_BUFG | BRAM[44][20]_i_1_n_0     | BRAM[127][6]_i_2_n_0   |                2 |              2 |
|  clk_IBUF_BUFG | BRAM[149][20]_i_1_n_0    | BRAM[159][20]_i_2_n_0  |                1 |              2 |
|  clk_IBUF_BUFG | BRAM[40][20]_i_1_n_0     | BRAM[127][6]_i_2_n_0   |                1 |              2 |
|  clk_IBUF_BUFG | BRAM[147][20]_i_1_n_0    | BRAM[159][20]_i_2_n_0  |                2 |              2 |
|  clk_IBUF_BUFG | BRAM[32][20]_i_1_n_0     | BRAM[47][3]_i_1_n_0    |                1 |              2 |
|  clk_IBUF_BUFG | BRAM[32][20]_i_1_n_0     | BRAM[127][6]_i_2_n_0   |                1 |              2 |
|  clk_IBUF_BUFG | BRAM[146][20]_i_1_n_0    | BRAM[159][20]_i_2_n_0  |                1 |              2 |
|  clk_IBUF_BUFG | BRAM[100][20]_i_1_n_0    | BRAM[111][20]_i_2_n_0  |                1 |              3 |
|  clk_IBUF_BUFG | BRAM[53][20]_i_1_n_0     | BRAM[63][4]_i_2_n_0    |                1 |              3 |
|  clk_IBUF_BUFG | BRAM[150][20]_i_1_n_0    | BRAM[159][3]_i_1_n_0   |                2 |              3 |
|  clk_IBUF_BUFG | BRAM[145][20]_i_1_n_0    | BRAM[159][3]_i_1_n_0   |                1 |              3 |
|  clk_IBUF_BUFG | BRAM[155][20]_i_1_n_0    | BRAM[159][3]_i_1_n_0   |                1 |              3 |
|  clk_IBUF_BUFG | BRAM[47][20]_i_1_n_0     | BRAM[47][3]_i_1_n_0    |                2 |              3 |
|  clk_IBUF_BUFG | BRAM[43][20]_i_1_n_0     | BRAM[47][3]_i_1_n_0    |                2 |              3 |
|  clk_IBUF_BUFG | BRAM[96][20]_i_1_n_0     | BRAM[111][20]_i_2_n_0  |                2 |              3 |
|  clk_IBUF_BUFG | BRAM[110][20]_i_1_n_0    | BRAM[111][20]_i_2_n_0  |                1 |              3 |
|  clk_IBUF_BUFG | BRAM[190][20]_i_1_n_0    | BRAM[191][20]_i_3_n_0  |                2 |              3 |
|  clk_IBUF_BUFG | BRAM[49][20]_i_1_n_0     | BRAM[63][4]_i_2_n_0    |                2 |              3 |
|  clk_IBUF_BUFG | BRAM[106][20]_i_1_n_0    | BRAM[111][20]_i_2_n_0  |                1 |              3 |
|  clk_IBUF_BUFG | BRAM[51][20]_i_1_n_0     | BRAM[63][4]_i_2_n_0    |                1 |              3 |
|  clk_IBUF_BUFG | BRAM[101][20]_i_1_n_0    | BRAM[111][20]_i_2_n_0  |                1 |              3 |
|  clk_IBUF_BUFG | BRAM[149][20]_i_1_n_0    | BRAM[159][3]_i_1_n_0   |                1 |              3 |
|  clk_IBUF_BUFG | BRAM[102][20]_i_1_n_0    | BRAM[111][20]_i_2_n_0  |                1 |              3 |
|  clk_IBUF_BUFG | BRAM[58][20]_i_1_n_0     | BRAM[63][4]_i_2_n_0    |                1 |              3 |
|  clk_IBUF_BUFG | BRAM[154][20]_i_1_n_0    | BRAM[159][3]_i_1_n_0   |                1 |              3 |
|  clk_IBUF_BUFG | BRAM[44][20]_i_1_n_0     | BRAM[47][3]_i_1_n_0    |                2 |              3 |
|  clk_IBUF_BUFG | BRAM[152][20]_i_1_n_0    | BRAM[159][3]_i_1_n_0   |                1 |              3 |
|  clk_IBUF_BUFG | BRAM[148][20]_i_1_n_0    | BRAM[159][3]_i_1_n_0   |                1 |              3 |
|  clk_IBUF_BUFG | BRAM[42][20]_i_1_n_0     | BRAM[47][3]_i_1_n_0    |                1 |              3 |
|  clk_IBUF_BUFG | BRAM[105][20]_i_1_n_0    | BRAM[111][20]_i_2_n_0  |                1 |              3 |
|  clk_IBUF_BUFG | BRAM[153][20]_i_1_n_0    | BRAM[159][3]_i_1_n_0   |                1 |              3 |
|  clk_IBUF_BUFG | BRAM[57][20]_i_1_n_0     | BRAM[63][4]_i_2_n_0    |                2 |              3 |
|  clk_IBUF_BUFG | BRAM[144][20]_i_1_n_0    | BRAM[159][3]_i_1_n_0   |                1 |              3 |
|  clk_IBUF_BUFG | BRAM[55][20]_i_1_n_0     | BRAM[63][4]_i_2_n_0    |                1 |              3 |
|  clk_IBUF_BUFG | BRAM[99][20]_i_1_n_0     | BRAM[111][20]_i_2_n_0  |                3 |              3 |
|  clk_IBUF_BUFG | BRAM[45][20]_i_1_n_0     | BRAM[47][3]_i_1_n_0    |                2 |              3 |
|  clk_IBUF_BUFG | BRAM[50][20]_i_1_n_0     | BRAM[63][4]_i_2_n_0    |                1 |              3 |
|  clk_IBUF_BUFG | BRAM[103][20]_i_1_n_0    | BRAM[111][20]_i_2_n_0  |                1 |              3 |
|  clk_IBUF_BUFG | BRAM[157][20]_i_1_n_0    | BRAM[159][3]_i_1_n_0   |                1 |              3 |
|  clk_IBUF_BUFG | BRAM[46][20]_i_1_n_0     | BRAM[47][3]_i_1_n_0    |                2 |              3 |
|  clk_IBUF_BUFG | BRAM[156][20]_i_1_n_0    | BRAM[159][3]_i_1_n_0   |                1 |              3 |
|  clk_IBUF_BUFG | BRAM[54][20]_i_1_n_0     | BRAM[63][4]_i_2_n_0    |                1 |              3 |
|  clk_IBUF_BUFG | BRAM[160][20]_i_1_n_0    | BRAM[191][20]_i_3_n_0  |                2 |              3 |
|  clk_IBUF_BUFG | BRAM[151][20]_i_1_n_0    | BRAM[159][3]_i_1_n_0   |                1 |              3 |
|  clk_IBUF_BUFG | BRAM[159][20]_i_1_n_0    | BRAM[159][3]_i_1_n_0   |                2 |              3 |
|  clk_IBUF_BUFG | BRAM[109][20]_i_1_n_0    | BRAM[111][20]_i_2_n_0  |                1 |              3 |
|  clk_IBUF_BUFG | BRAM[98][20]_i_1_n_0     | BRAM[111][20]_i_2_n_0  |                1 |              3 |
|  clk_IBUF_BUFG | BRAM[104][20]_i_1_n_0    | BRAM[111][20]_i_2_n_0  |                1 |              3 |
|  clk_IBUF_BUFG | BRAM[158][20]_i_1_n_0    | BRAM[159][3]_i_1_n_0   |                3 |              3 |
|  clk_IBUF_BUFG | BRAM[48][20]_i_1_n_0     | BRAM[63][4]_i_2_n_0    |                1 |              3 |
|  clk_IBUF_BUFG | BRAM[108][20]_i_1_n_0    | BRAM[111][20]_i_2_n_0  |                1 |              3 |
|  clk_IBUF_BUFG | BRAM[147][20]_i_1_n_0    | BRAM[159][3]_i_1_n_0   |                1 |              3 |
|  clk_IBUF_BUFG | BRAM[56][20]_i_1_n_0     | BRAM[63][4]_i_2_n_0    |                1 |              3 |
|  clk_IBUF_BUFG | BRAM[97][20]_i_1_n_0     | BRAM[111][20]_i_2_n_0  |                2 |              3 |
|  clk_IBUF_BUFG | BRAM[52][20]_i_1_n_0     | BRAM[63][4]_i_2_n_0    |                1 |              3 |
|  clk_IBUF_BUFG | BRAM[146][20]_i_1_n_0    | BRAM[159][3]_i_1_n_0   |                1 |              3 |
|  clk_IBUF_BUFG | BRAM[107][20]_i_1_n_0    | BRAM[111][20]_i_2_n_0  |                1 |              3 |
|  clk_IBUF_BUFG | BRAM[191][20]_i_1_n_0    | BRAM[191][20]_i_3_n_0  |                3 |              3 |
|  clk_IBUF_BUFG | recentMax[1][20]_i_1_n_0 | BRAM[15][20]_i_2_n_0   |                1 |              3 |
|  clk_IBUF_BUFG | recentMax[2][20]_i_1_n_0 | BRAM[15][20]_i_2_n_0   |                1 |              3 |
|  clk_IBUF_BUFG | BRAM[169][20]_i_1_n_0    | BRAM[191][20]_i_3_n_0  |                1 |              4 |
|  clk_IBUF_BUFG | BRAM[182][20]_i_1_n_0    | BRAM[191][20]_i_3_n_0  |                1 |              4 |
|  clk_IBUF_BUFG | BRAM[14][20]_i_1_n_0     | BRAM[15][20]_i_2_n_0   |                2 |              4 |
|  clk_IBUF_BUFG | BRAM[0][20]_i_1_n_0      | BRAM[15][20]_i_2_n_0   |                2 |              4 |
|  clk_IBUF_BUFG | BRAM[1][20]_i_1_n_0      | BRAM[15][20]_i_2_n_0   |                2 |              4 |
|  clk_IBUF_BUFG | BRAM[172][20]_i_1_n_0    | BRAM[191][20]_i_3_n_0  |                1 |              4 |
|  clk_IBUF_BUFG | BRAM[12][20]_i_1_n_0     | BRAM[15][20]_i_2_n_0   |                2 |              4 |
|  clk_IBUF_BUFG | BRAM[162][20]_i_1_n_0    | BRAM[191][20]_i_3_n_0  |                1 |              4 |
|  clk_IBUF_BUFG | BRAM[7][20]_i_1_n_0      | BRAM[15][20]_i_2_n_0   |                3 |              4 |
|  clk_IBUF_BUFG | BRAM[4][20]_i_1_n_0      | BRAM[15][20]_i_2_n_0   |                4 |              4 |
|  clk_IBUF_BUFG | BRAM[13][20]_i_1_n_0     | BRAM[15][20]_i_2_n_0   |                2 |              4 |
|  clk_IBUF_BUFG | BRAM[166][20]_i_1_n_0    | BRAM[191][20]_i_3_n_0  |                1 |              4 |
|  clk_IBUF_BUFG | BRAM[3][20]_i_1_n_0      | BRAM[15][20]_i_2_n_0   |                2 |              4 |
|  clk_IBUF_BUFG | BRAM[63][20]_i_1_n_0     | BRAM[63][4]_i_2_n_0    |                3 |              4 |
|  clk_IBUF_BUFG | BRAM[64][20]_i_1_n_0     | BRAM[111][20]_i_2_n_0  |                3 |              4 |
|  clk_IBUF_BUFG | BRAM[161][20]_i_1_n_0    | BRAM[191][20]_i_3_n_0  |                1 |              4 |
|  clk_IBUF_BUFG | BRAM[176][20]_i_1_n_0    | BRAM[191][20]_i_3_n_0  |                1 |              4 |
|  clk_IBUF_BUFG | BRAM[60][20]_i_1_n_0     | BRAM[63][4]_i_2_n_0    |                1 |              4 |
|  clk_IBUF_BUFG | BRAM[184][20]_i_1_n_0    | BRAM[191][20]_i_3_n_0  |                2 |              4 |
|  clk_IBUF_BUFG | BRAM[142][20]_i_1_n_0    | BRAM[159][3]_i_1_n_0   |                2 |              4 |
|  clk_IBUF_BUFG | BRAM[2][20]_i_1_n_0      | BRAM[15][20]_i_2_n_0   |                2 |              4 |
|  clk_IBUF_BUFG | BRAM[6][20]_i_1_n_0      | BRAM[15][20]_i_2_n_0   |                2 |              4 |
|  clk_IBUF_BUFG | BRAM[168][20]_i_1_n_0    | BRAM[191][20]_i_3_n_0  |                1 |              4 |
|  clk_IBUF_BUFG | BRAM[8][20]_i_1_n_0      | BRAM[15][20]_i_2_n_0   |                3 |              4 |
|  clk_IBUF_BUFG | BRAM[141][20]_i_1_n_0    | BRAM[159][3]_i_1_n_0   |                4 |              4 |
|  clk_IBUF_BUFG | BRAM[163][20]_i_1_n_0    | BRAM[191][20]_i_3_n_0  |                1 |              4 |
|  clk_IBUF_BUFG | BRAM[185][20]_i_1_n_0    | BRAM[191][20]_i_3_n_0  |                2 |              4 |
|  clk_IBUF_BUFG | BRAM[186][20]_i_1_n_0    | BRAM[191][20]_i_3_n_0  |                1 |              4 |
|  clk_IBUF_BUFG | BRAM[65][20]_i_1_n_0     | BRAM[111][20]_i_2_n_0  |                1 |              4 |
|  clk_IBUF_BUFG | BRAM[173][20]_i_1_n_0    | BRAM[191][20]_i_3_n_0  |                1 |              4 |
|  clk_IBUF_BUFG | BRAM[59][20]_i_1_n_0     | BRAM[63][4]_i_2_n_0    |                1 |              4 |
|  clk_IBUF_BUFG | BRAM[177][20]_i_1_n_0    | BRAM[191][20]_i_3_n_0  |                2 |              4 |
|  clk_IBUF_BUFG | BRAM[180][20]_i_1_n_0    | BRAM[191][20]_i_3_n_0  |                1 |              4 |
|  clk_IBUF_BUFG | BRAM[188][20]_i_1_n_0    | BRAM[191][20]_i_3_n_0  |                2 |              4 |
|  clk_IBUF_BUFG | BRAM[178][20]_i_1_n_0    | BRAM[191][20]_i_3_n_0  |                1 |              4 |
|  clk_IBUF_BUFG | BRAM[181][20]_i_1_n_0    | BRAM[191][20]_i_3_n_0  |                1 |              4 |
|  clk_IBUF_BUFG | BRAM[187][20]_i_1_n_0    | BRAM[191][20]_i_3_n_0  |                1 |              4 |
|  clk_IBUF_BUFG | BRAM[167][20]_i_1_n_0    | BRAM[191][20]_i_3_n_0  |                2 |              4 |
|  clk_IBUF_BUFG | BRAM[165][20]_i_1_n_0    | BRAM[191][20]_i_3_n_0  |                1 |              4 |
|  clk_IBUF_BUFG | BRAM[11][20]_i_1_n_0     | BRAM[15][20]_i_2_n_0   |                2 |              4 |
|  clk_IBUF_BUFG | BRAM[179][20]_i_1_n_0    | BRAM[191][20]_i_3_n_0  |                1 |              4 |
|  clk_IBUF_BUFG | BRAM[62][20]_i_1_n_0     | BRAM[63][4]_i_2_n_0    |                1 |              4 |
|  clk_IBUF_BUFG | BRAM[174][20]_i_1_n_0    | BRAM[191][20]_i_3_n_0  |                1 |              4 |
|  clk_IBUF_BUFG | BRAM[10][20]_i_1_n_0     | BRAM[15][20]_i_2_n_0   |                2 |              4 |
|  clk_IBUF_BUFG | BRAM[143][20]_i_1_n_0    | BRAM[159][3]_i_1_n_0   |                3 |              4 |
|  clk_IBUF_BUFG | BRAM[164][20]_i_1_n_0    | BRAM[191][20]_i_3_n_0  |                1 |              4 |
|  clk_IBUF_BUFG | BRAM[175][20]_i_1_n_0    | BRAM[191][20]_i_3_n_0  |                4 |              4 |
|  clk_IBUF_BUFG | BRAM[170][20]_i_1_n_0    | BRAM[191][20]_i_3_n_0  |                1 |              4 |
|  clk_IBUF_BUFG | BRAM[183][20]_i_1_n_0    | BRAM[191][20]_i_3_n_0  |                1 |              4 |
|  clk_IBUF_BUFG | BRAM[189][20]_i_1_n_0    | BRAM[191][20]_i_3_n_0  |                3 |              4 |
|  clk_IBUF_BUFG | BRAM[5][20]_i_1_n_0      | BRAM[15][20]_i_2_n_0   |                3 |              4 |
|  clk_IBUF_BUFG | BRAM[61][20]_i_1_n_0     | BRAM[63][4]_i_2_n_0    |                2 |              4 |
|  clk_IBUF_BUFG | addrSaver_reg[0]__0      | BRAM[15][20]_i_2_n_0   |                1 |              4 |
|  clk_IBUF_BUFG | BRAM[15][20]_i_1_n_0     | BRAM[15][20]_i_2_n_0   |                2 |              4 |
|  clk_IBUF_BUFG | BRAM[9][20]_i_1_n_0      | BRAM[15][20]_i_2_n_0   |                3 |              4 |
|  clk_IBUF_BUFG | BRAM[171][20]_i_1_n_0    | BRAM[191][20]_i_3_n_0  |                1 |              4 |
|  clk_IBUF_BUFG | BRAM[25][20]_i_1_n_0     | BRAM[47][3]_i_1_n_0    |                1 |              5 |
|  clk_IBUF_BUFG | BRAM[28][20]_i_1_n_0     | BRAM[47][3]_i_1_n_0    |                4 |              5 |
|  clk_IBUF_BUFG | BRAM[136][20]_i_1_n_0    | BRAM[159][3]_i_1_n_0   |                1 |              5 |
|  clk_IBUF_BUFG | BRAM[27][20]_i_1_n_0     | BRAM[47][3]_i_1_n_0    |                4 |              5 |
|  clk_IBUF_BUFG | BRAM[26][20]_i_1_n_0     | BRAM[47][3]_i_1_n_0    |                1 |              5 |
|  clk_IBUF_BUFG | BRAM[24][20]_i_1_n_0     | BRAM[47][3]_i_1_n_0    |                2 |              5 |
|  clk_IBUF_BUFG | BRAM[94][20]_i_1_n_0     | BRAM[159][0]_i_1_n_0   |                1 |              5 |
|  clk_IBUF_BUFG | BRAM[23][20]_i_1_n_0     | BRAM[47][3]_i_1_n_0    |                1 |              5 |
|  clk_IBUF_BUFG | BRAM[71][20]_i_1_n_0     | BRAM[111][20]_i_2_n_0  |                3 |              5 |
|  clk_IBUF_BUFG | BRAM[93][20]_i_1_n_0     | BRAM[159][0]_i_1_n_0   |                1 |              5 |
|  clk_IBUF_BUFG | BRAM[69][20]_i_1_n_0     | BRAM[111][20]_i_2_n_0  |                3 |              5 |
|  clk_IBUF_BUFG | BRAM[131][20]_i_1_n_0    | BRAM[159][3]_i_1_n_0   |                2 |              5 |
|  clk_IBUF_BUFG | BRAM[70][20]_i_1_n_0     | BRAM[111][20]_i_2_n_0  |                3 |              5 |
|  clk_IBUF_BUFG | BRAM[67][20]_i_1_n_0     | BRAM[111][20]_i_2_n_0  |                3 |              5 |
|  clk_IBUF_BUFG | BRAM[113][20]_i_1_n_0    | BRAM[127][6]_i_2_n_0   |                1 |              5 |
|  clk_IBUF_BUFG | BRAM[75][20]_i_1_n_0     | BRAM[111][20]_i_2_n_0  |                3 |              5 |
|  clk_IBUF_BUFG | BRAM[138][20]_i_1_n_0    | BRAM[159][3]_i_1_n_0   |                1 |              5 |
|  clk_IBUF_BUFG | BRAM[76][20]_i_1_n_0     | BRAM[111][20]_i_2_n_0  |                3 |              5 |
|  clk_IBUF_BUFG | BRAM[132][20]_i_1_n_0    | BRAM[159][3]_i_1_n_0   |                3 |              5 |
|  clk_IBUF_BUFG | BRAM[66][20]_i_1_n_0     | BRAM[111][20]_i_2_n_0  |                1 |              5 |
|  clk_IBUF_BUFG | BRAM[72][20]_i_1_n_0     | BRAM[111][20]_i_2_n_0  |                4 |              5 |
|  clk_IBUF_BUFG | BRAM[134][20]_i_1_n_0    | BRAM[159][3]_i_1_n_0   |                3 |              5 |
|  clk_IBUF_BUFG | BRAM[112][20]_i_1_n_0    | BRAM[127][6]_i_2_n_0   |                4 |              5 |
|  clk_IBUF_BUFG | BRAM[68][20]_i_1_n_0     | BRAM[111][20]_i_2_n_0  |                4 |              5 |
|  clk_IBUF_BUFG | BRAM[139][20]_i_1_n_0    | BRAM[159][3]_i_1_n_0   |                5 |              5 |
|  clk_IBUF_BUFG | BRAM[79][20]_i_1_n_0     | BRAM[111][20]_i_2_n_0  |                4 |              5 |
|  clk_IBUF_BUFG | BRAM[135][20]_i_1_n_0    | BRAM[159][3]_i_1_n_0   |                3 |              5 |
|  clk_IBUF_BUFG | BRAM[130][20]_i_1_n_0    | BRAM[159][3]_i_1_n_0   |                1 |              5 |
|  clk_IBUF_BUFG | BRAM[129][20]_i_1_n_0    | BRAM[159][3]_i_1_n_0   |                2 |              5 |
|  clk_IBUF_BUFG | BRAM[77][20]_i_1_n_0     | BRAM[111][20]_i_2_n_0  |                2 |              5 |
|  clk_IBUF_BUFG | BRAM[78][20]_i_1_n_0     | BRAM[111][20]_i_2_n_0  |                3 |              5 |
|  clk_IBUF_BUFG | BRAM[92][20]_i_1_n_0     | BRAM[159][0]_i_1_n_0   |                1 |              5 |
|  clk_IBUF_BUFG | BRAM[114][20]_i_1_n_0    | BRAM[127][6]_i_2_n_0   |                1 |              5 |
|  clk_IBUF_BUFG | BRAM[133][20]_i_1_n_0    | BRAM[159][3]_i_1_n_0   |                1 |              5 |
|  clk_IBUF_BUFG | BRAM[73][20]_i_1_n_0     | BRAM[111][20]_i_2_n_0  |                2 |              5 |
|  clk_IBUF_BUFG | BRAM[95][20]_i_1_n_0     | BRAM[159][0]_i_1_n_0   |                4 |              5 |
|  clk_IBUF_BUFG | BRAM[74][20]_i_1_n_0     | BRAM[111][20]_i_2_n_0  |                1 |              5 |
|  clk_IBUF_BUFG | BRAM[31][20]_i_1_n_0     | BRAM[47][3]_i_1_n_0    |                1 |              5 |
|  clk_IBUF_BUFG | BRAM[137][20]_i_1_n_0    | BRAM[159][3]_i_1_n_0   |                3 |              5 |
|  clk_IBUF_BUFG | BRAM[140][20]_i_1_n_0    | BRAM[159][3]_i_1_n_0   |                4 |              5 |
|  clk_IBUF_BUFG | BRAM[128][20]_i_1_n_0    | BRAM[159][3]_i_1_n_0   |                3 |              5 |
|  clk_IBUF_BUFG | BRAM[29][20]_i_1_n_0     | BRAM[47][3]_i_1_n_0    |                1 |              5 |
|  clk_IBUF_BUFG | BRAM[30][20]_i_1_n_0     | BRAM[47][3]_i_1_n_0    |                2 |              5 |
|  clk_IBUF_BUFG | BRAM[20][20]_i_1_n_0     | BRAM[47][3]_i_1_n_0    |                1 |              6 |
|  clk_IBUF_BUFG | BRAM[119][20]_i_1_n_0    | BRAM[127][6]_i_2_n_0   |                3 |              6 |
|  clk_IBUF_BUFG | BRAM[127][20]_i_1_n_0    | BRAM[127][20]_i_3_n_0  |                4 |              6 |
|  clk_IBUF_BUFG | BRAM[127][20]_i_1_n_0    | BRAM[127][6]_i_2_n_0   |                3 |              6 |
|  clk_IBUF_BUFG | BRAM[88][20]_i_1_n_0     | BRAM[159][20]_i_2_n_0  |                4 |              6 |
|  clk_IBUF_BUFG | BRAM[88][20]_i_1_n_0     | BRAM[159][0]_i_1_n_0   |                1 |              6 |
|  clk_IBUF_BUFG | BRAM[85][20]_i_1_n_0     | BRAM[159][0]_i_1_n_0   |                3 |              6 |
|  clk_IBUF_BUFG | BRAM[16][20]_i_1_n_0     | BRAM[47][3]_i_1_n_0    |                1 |              6 |
|  clk_IBUF_BUFG | BRAM[16][20]_i_1_n_0     | BRAM[63][20]_i_3_n_0   |                2 |              6 |
|  clk_IBUF_BUFG | BRAM[85][20]_i_1_n_0     | BRAM[159][20]_i_2_n_0  |                2 |              6 |
|  clk_IBUF_BUFG | BRAM[116][20]_i_1_n_0    | BRAM[127][6]_i_2_n_0   |                1 |              6 |
|  clk_IBUF_BUFG | BRAM[87][20]_i_1_n_0     | BRAM[159][20]_i_2_n_0  |                2 |              6 |
|  clk_IBUF_BUFG | BRAM[122][20]_i_1_n_0    | BRAM[127][20]_i_3_n_0  |                3 |              6 |
|  clk_IBUF_BUFG | BRAM[87][20]_i_1_n_0     | BRAM[159][0]_i_1_n_0   |                2 |              6 |
|  clk_IBUF_BUFG | BRAM[86][20]_i_1_n_0     | BRAM[159][20]_i_2_n_0  |                3 |              6 |
|  clk_IBUF_BUFG | BRAM[84][20]_i_1_n_0     | BRAM[159][0]_i_1_n_0   |                3 |              6 |
|  clk_IBUF_BUFG | BRAM[84][20]_i_1_n_0     | BRAM[159][20]_i_2_n_0  |                3 |              6 |
|  clk_IBUF_BUFG | BRAM[119][20]_i_1_n_0    | BRAM[127][20]_i_3_n_0  |                2 |              6 |
|  clk_IBUF_BUFG | BRAM[121][20]_i_1_n_0    | BRAM[127][20]_i_3_n_0  |                2 |              6 |
|  clk_IBUF_BUFG | BRAM[90][20]_i_1_n_0     | BRAM[159][0]_i_1_n_0   |                1 |              6 |
|  clk_IBUF_BUFG | BRAM[124][20]_i_1_n_0    | BRAM[127][20]_i_3_n_0  |                3 |              6 |
|  clk_IBUF_BUFG | BRAM[86][20]_i_1_n_0     | BRAM[159][0]_i_1_n_0   |                1 |              6 |
|  clk_IBUF_BUFG | BRAM[81][20]_i_1_n_0     | BRAM[159][0]_i_1_n_0   |                1 |              6 |
|  clk_IBUF_BUFG | BRAM[81][20]_i_1_n_0     | BRAM[159][20]_i_2_n_0  |                3 |              6 |
|  clk_IBUF_BUFG | BRAM[123][20]_i_1_n_0    | BRAM[127][20]_i_3_n_0  |                4 |              6 |
|  clk_IBUF_BUFG | BRAM[121][20]_i_1_n_0    | BRAM[127][6]_i_2_n_0   |                2 |              6 |
|  clk_IBUF_BUFG | BRAM[82][20]_i_1_n_0     | BRAM[159][20]_i_2_n_0  |                2 |              6 |
|  clk_IBUF_BUFG | BRAM[115][20]_i_1_n_0    | BRAM[127][6]_i_2_n_0   |                1 |              6 |
|  clk_IBUF_BUFG | BRAM[82][20]_i_1_n_0     | BRAM[159][0]_i_1_n_0   |                2 |              6 |
|  clk_IBUF_BUFG | BRAM[17][20]_i_1_n_0     | BRAM[47][3]_i_1_n_0    |                1 |              6 |
|  clk_IBUF_BUFG | BRAM[17][20]_i_1_n_0     | BRAM[63][20]_i_3_n_0   |                2 |              6 |
|  clk_IBUF_BUFG | BRAM[21][20]_i_1_n_0     | BRAM[47][3]_i_1_n_0    |                2 |              6 |
|  clk_IBUF_BUFG | BRAM[126][20]_i_1_n_0    | BRAM[127][20]_i_3_n_0  |                4 |              6 |
|  clk_IBUF_BUFG | BRAM[122][20]_i_1_n_0    | BRAM[127][6]_i_2_n_0   |                1 |              6 |
|  clk_IBUF_BUFG | BRAM[18][20]_i_1_n_0     | BRAM[47][3]_i_1_n_0    |                2 |              6 |
|  clk_IBUF_BUFG | BRAM[18][20]_i_1_n_0     | BRAM[63][20]_i_3_n_0   |                2 |              6 |
|  clk_IBUF_BUFG | BRAM[118][20]_i_1_n_0    | BRAM[127][20]_i_3_n_0  |                2 |              6 |
|  clk_IBUF_BUFG | BRAM[123][20]_i_1_n_0    | BRAM[127][6]_i_2_n_0   |                4 |              6 |
|  clk_IBUF_BUFG | BRAM[125][20]_i_1_n_0    | BRAM[127][6]_i_2_n_0   |                1 |              6 |
|  clk_IBUF_BUFG | BRAM[118][20]_i_1_n_0    | BRAM[127][6]_i_2_n_0   |                1 |              6 |
|  clk_IBUF_BUFG | BRAM[120][20]_i_1_n_0    | BRAM[127][20]_i_3_n_0  |                2 |              6 |
|  clk_IBUF_BUFG | BRAM[120][20]_i_1_n_0    | BRAM[127][6]_i_2_n_0   |                1 |              6 |
|  clk_IBUF_BUFG | BRAM[19][20]_i_1_n_0     | BRAM[63][20]_i_3_n_0   |                2 |              6 |
|  clk_IBUF_BUFG | BRAM[126][20]_i_1_n_0    | BRAM[127][6]_i_2_n_0   |                2 |              6 |
|  clk_IBUF_BUFG | BRAM[83][20]_i_1_n_0     | BRAM[159][20]_i_2_n_0  |                2 |              6 |
|  clk_IBUF_BUFG | BRAM[125][20]_i_1_n_0    | BRAM[127][20]_i_3_n_0  |                3 |              6 |
|  clk_IBUF_BUFG | BRAM[19][20]_i_1_n_0     | BRAM[47][3]_i_1_n_0    |                1 |              6 |
|  clk_IBUF_BUFG | BRAM[89][20]_i_1_n_0     | BRAM[159][0]_i_1_n_0   |                1 |              6 |
|  clk_IBUF_BUFG | BRAM[83][20]_i_1_n_0     | BRAM[159][0]_i_1_n_0   |                1 |              6 |
|  clk_IBUF_BUFG | BRAM[80][20]_i_1_n_0     | BRAM[159][20]_i_2_n_0  |                4 |              6 |
|  clk_IBUF_BUFG | BRAM[80][20]_i_1_n_0     | BRAM[159][0]_i_1_n_0   |                1 |              6 |
|  clk_IBUF_BUFG | BRAM[22][20]_i_1_n_0     | BRAM[47][3]_i_1_n_0    |                3 |              6 |
|  clk_IBUF_BUFG | BRAM[124][20]_i_1_n_0    | BRAM[127][6]_i_2_n_0   |                2 |              6 |
|  clk_IBUF_BUFG | BRAM[117][20]_i_1_n_0    | BRAM[127][6]_i_2_n_0   |                1 |              6 |
|  clk_IBUF_BUFG | BRAM[91][20]_i_1_n_0     | BRAM[159][0]_i_1_n_0   |                2 |              6 |
|  clk_IBUF_BUFG | BRAM[59][20]_i_1_n_0     | BRAM[63][12]_i_2_n_0   |                1 |              7 |
|  clk_IBUF_BUFG | BRAM[73][20]_i_1_n_0     | BRAM[191][1]_i_2_n_0   |                2 |              7 |
|  clk_IBUF_BUFG | BRAM[66][20]_i_1_n_0     | BRAM[79][13]_i_1_n_0   |                3 |              7 |
|  clk_IBUF_BUFG | BRAM[136][20]_i_1_n_0    | BRAM[166][20]_i_2_n_0  |                1 |              7 |
|  clk_IBUF_BUFG | BRAM[71][20]_i_1_n_0     | BRAM[191][1]_i_2_n_0   |                1 |              7 |
|  clk_IBUF_BUFG | BRAM[78][20]_i_1_n_0     | BRAM[191][1]_i_2_n_0   |                4 |              7 |
|  clk_IBUF_BUFG | BRAM[95][20]_i_1_n_0     | BRAM[159][20]_i_2_n_0  |                6 |              7 |
|  clk_IBUF_BUFG | BRAM[74][20]_i_1_n_0     | BRAM[191][1]_i_2_n_0   |                3 |              7 |
|  clk_IBUF_BUFG | BRAM[69][20]_i_1_n_0     | BRAM[191][1]_i_2_n_0   |                2 |              7 |
|  clk_IBUF_BUFG | BRAM[70][20]_i_1_n_0     | BRAM[191][1]_i_2_n_0   |                1 |              7 |
|  clk_IBUF_BUFG | BRAM[67][20]_i_1_n_0     | BRAM[79][13]_i_1_n_0   |                4 |              7 |
|  clk_IBUF_BUFG | BRAM[75][20]_i_1_n_0     | BRAM[191][1]_i_2_n_0   |                2 |              7 |
|  clk_IBUF_BUFG | BRAM[76][20]_i_1_n_0     | BRAM[191][1]_i_2_n_0   |                4 |              7 |
|  clk_IBUF_BUFG | BRAM[72][20]_i_1_n_0     | BRAM[191][1]_i_2_n_0   |                2 |              7 |
|  clk_IBUF_BUFG | BRAM[68][20]_i_1_n_0     | BRAM[79][13]_i_1_n_0   |                2 |              7 |
|  clk_IBUF_BUFG | BRAM[89][20]_i_1_n_0     | BRAM[95][15]_i_1_n_0   |                4 |              7 |
|  clk_IBUF_BUFG | BRAM[89][20]_i_1_n_0     | BRAM[159][20]_i_2_n_0  |                5 |              7 |
|  clk_IBUF_BUFG | BRAM[79][20]_i_1_n_0     | BRAM[191][1]_i_2_n_0   |                3 |              7 |
|  clk_IBUF_BUFG | BRAM[90][20]_i_1_n_0     | BRAM[95][15]_i_1_n_0   |                2 |              7 |
|  clk_IBUF_BUFG | BRAM[90][20]_i_1_n_0     | BRAM[159][20]_i_2_n_0  |                3 |              7 |
|  clk_IBUF_BUFG | BRAM[91][20]_i_1_n_0     | BRAM[95][15]_i_1_n_0   |                2 |              7 |
|  clk_IBUF_BUFG | BRAM[91][20]_i_1_n_0     | BRAM[159][20]_i_2_n_0  |                3 |              7 |
|  clk_IBUF_BUFG | BRAM[77][20]_i_1_n_0     | BRAM[191][1]_i_2_n_0   |                5 |              7 |
|  clk_IBUF_BUFG | BRAM[92][20]_i_1_n_0     | BRAM[159][20]_i_2_n_0  |                5 |              7 |
|  clk_IBUF_BUFG | BRAM[93][20]_i_1_n_0     | BRAM[159][20]_i_2_n_0  |                6 |              7 |
|  clk_IBUF_BUFG | BRAM[184][20]_i_1_n_0    | BRAM[191][9]_i_2_n_0   |                2 |              7 |
|  clk_IBUF_BUFG | BRAM[94][20]_i_1_n_0     | BRAM[159][20]_i_2_n_0  |                5 |              7 |
|  clk_IBUF_BUFG | BRAM[105][20]_i_1_n_0    | BRAM[111][10]_i_1_n_0  |                4 |              7 |
|  clk_IBUF_BUFG | BRAM[146][20]_i_1_n_0    | BRAM[159][11]_i_1_n_0  |                2 |              7 |
|  clk_IBUF_BUFG | BRAM[116][20]_i_1_n_0    | BRAM[127][14]_i_2_n_0  |                1 |              7 |
|  clk_IBUF_BUFG | BRAM[116][20]_i_1_n_0    | BRAM[127][20]_i_3_n_0  |                2 |              7 |
|  clk_IBUF_BUFG | BRAM[109][20]_i_1_n_0    | BRAM[111][18]_i_1_n_0  |                2 |              7 |
|  clk_IBUF_BUFG | BRAM[107][20]_i_1_n_0    | BRAM[111][10]_i_1_n_0  |                2 |              7 |
|  clk_IBUF_BUFG | BRAM[166][20]_i_1_n_0    | BRAM[175][20]_i_2_n_0  |                1 |              7 |
|  clk_IBUF_BUFG | BRAM[115][20]_i_1_n_0    | BRAM[127][14]_i_2_n_0  |                1 |              7 |
|  clk_IBUF_BUFG | BRAM[115][20]_i_1_n_0    | BRAM[127][20]_i_3_n_0  |                2 |              7 |
|  clk_IBUF_BUFG | BRAM[114][20]_i_1_n_0    | BRAM[127][20]_i_3_n_0  |                2 |              7 |
|  clk_IBUF_BUFG | BRAM[185][20]_i_1_n_0    | BRAM[191][9]_i_2_n_0   |                3 |              7 |
|  clk_IBUF_BUFG | BRAM[112][20]_i_1_n_0    | BRAM[127][20]_i_3_n_0  |                2 |              7 |
|  clk_IBUF_BUFG | BRAM[110][20]_i_1_n_0    | BRAM[111][18]_i_1_n_0  |                3 |              7 |
|  clk_IBUF_BUFG | BRAM[113][20]_i_1_n_0    | BRAM[127][20]_i_3_n_0  |                2 |              7 |
|  clk_IBUF_BUFG | BRAM[186][20]_i_1_n_0    | BRAM[191][9]_i_2_n_0   |                2 |              7 |
|  clk_IBUF_BUFG | BRAM[106][20]_i_1_n_0    | BRAM[111][10]_i_1_n_0  |                1 |              7 |
|  clk_IBUF_BUFG | BRAM[117][20]_i_1_n_0    | BRAM[127][14]_i_2_n_0  |                5 |              7 |
|  clk_IBUF_BUFG | BRAM[117][20]_i_1_n_0    | BRAM[127][20]_i_3_n_0  |                2 |              7 |
|  clk_IBUF_BUFG | BRAM[108][20]_i_1_n_0    | BRAM[111][18]_i_1_n_0  |                2 |              7 |
|  clk_IBUF_BUFG | BRAM[147][20]_i_1_n_0    | BRAM[159][19]_i_1_n_0  |                1 |              7 |
|  clk_IBUF_BUFG | BRAM[149][20]_i_1_n_0    | BRAM[159][19]_i_1_n_0  |                1 |              7 |
|  clk_IBUF_BUFG | BRAM[131][20]_i_1_n_0    | BRAM[166][20]_i_2_n_0  |                1 |              7 |
|  clk_IBUF_BUFG | BRAM[134][20]_i_1_n_0    | BRAM[166][20]_i_2_n_0  |                1 |              7 |
|  clk_IBUF_BUFG | BRAM[138][20]_i_1_n_0    | BRAM[143][16]_i_1_n_0  |                2 |              7 |
|  clk_IBUF_BUFG | BRAM[132][20]_i_1_n_0    | BRAM[166][20]_i_2_n_0  |                1 |              7 |
|  clk_IBUF_BUFG | BRAM[139][20]_i_1_n_0    | BRAM[143][16]_i_1_n_0  |                3 |              7 |
|  clk_IBUF_BUFG | BRAM[188][20]_i_1_n_0    | BRAM[191][17]_i_2_n_0  |                2 |              7 |
|  clk_IBUF_BUFG | BRAM[135][20]_i_1_n_0    | BRAM[166][20]_i_2_n_0  |                4 |              7 |
|  clk_IBUF_BUFG | BRAM[145][20]_i_1_n_0    | BRAM[159][11]_i_1_n_0  |                1 |              7 |
|  clk_IBUF_BUFG | BRAM[130][20]_i_1_n_0    | BRAM[166][20]_i_2_n_0  |                1 |              7 |
|  clk_IBUF_BUFG | BRAM[129][20]_i_1_n_0    | BRAM[166][20]_i_2_n_0  |                2 |              7 |
|  clk_IBUF_BUFG | BRAM[137][20]_i_1_n_0    | BRAM[166][20]_i_2_n_0  |                1 |              7 |
|  clk_IBUF_BUFG | BRAM[140][20]_i_1_n_0    | BRAM[143][16]_i_1_n_0  |                5 |              7 |
|  clk_IBUF_BUFG | BRAM[162][20]_i_1_n_0    | BRAM[175][12]_i_1_n_0  |                1 |              7 |
|  clk_IBUF_BUFG | BRAM[187][20]_i_1_n_0    | BRAM[191][17]_i_2_n_0  |                2 |              7 |
|  clk_IBUF_BUFG | BRAM[161][20]_i_1_n_0    | BRAM[175][12]_i_1_n_0  |                4 |              7 |
|  clk_IBUF_BUFG | BRAM[20][20]_i_1_n_0     | BRAM[31][15]_i_1_n_0   |                3 |              7 |
|  clk_IBUF_BUFG | BRAM[20][20]_i_1_n_0     | BRAM[63][20]_i_3_n_0   |                4 |              7 |
|  clk_IBUF_BUFG | BRAM[22][20]_i_1_n_0     | BRAM[31][15]_i_1_n_0   |                3 |              7 |
|  clk_IBUF_BUFG | BRAM[22][20]_i_1_n_0     | BRAM[63][20]_i_3_n_0   |                2 |              7 |
|  clk_IBUF_BUFG | BRAM[163][20]_i_1_n_0    | BRAM[175][12]_i_1_n_0  |                1 |              7 |
|  clk_IBUF_BUFG | BRAM[165][20]_i_1_n_0    | BRAM[175][20]_i_2_n_0  |                1 |              7 |
|  clk_IBUF_BUFG | BRAM[23][20]_i_1_n_0     | BRAM[63][20]_i_3_n_0   |                3 |              7 |
|  clk_IBUF_BUFG | BRAM[21][20]_i_1_n_0     | BRAM[31][15]_i_1_n_0   |                3 |              7 |
|  clk_IBUF_BUFG | BRAM[21][20]_i_1_n_0     | BRAM[63][20]_i_3_n_0   |                4 |              7 |
|  clk_IBUF_BUFG | BRAM[24][20]_i_1_n_0     | BRAM[63][20]_i_3_n_0   |                2 |              7 |
|  clk_IBUF_BUFG | BRAM[133][20]_i_1_n_0    | BRAM[166][20]_i_2_n_0  |                1 |              7 |
|  clk_IBUF_BUFG | BRAM[144][20]_i_1_n_0    | BRAM[159][11]_i_1_n_0  |                1 |              7 |
|  clk_IBUF_BUFG | BRAM[26][20]_i_1_n_0     | BRAM[63][20]_i_3_n_0   |                2 |              7 |
|  clk_IBUF_BUFG | BRAM[27][20]_i_1_n_0     | BRAM[63][20]_i_3_n_0   |                4 |              7 |
|  clk_IBUF_BUFG | BRAM[28][20]_i_1_n_0     | BRAM[63][20]_i_3_n_0   |                3 |              7 |
|  clk_IBUF_BUFG | BRAM[25][20]_i_1_n_0     | BRAM[63][20]_i_3_n_0   |                2 |              7 |
|  clk_IBUF_BUFG | BRAM[30][20]_i_1_n_0     | BRAM[63][20]_i_3_n_0   |                4 |              7 |
|  clk_IBUF_BUFG | BRAM[164][20]_i_1_n_0    | BRAM[175][20]_i_2_n_0  |                1 |              7 |
|  clk_IBUF_BUFG | BRAM[128][20]_i_1_n_0    | BRAM[166][20]_i_2_n_0  |                1 |              7 |
|  clk_IBUF_BUFG | BRAM[29][20]_i_1_n_0     | BRAM[63][20]_i_3_n_0   |                2 |              7 |
|  clk_IBUF_BUFG | BRAM[43][20]_i_1_n_0     | BRAM[47][11]_i_1_n_0   |                3 |              7 |
|  clk_IBUF_BUFG | BRAM[62][20]_i_1_n_0     | BRAM[63][19]_i_2_n_0   |                4 |              7 |
|  clk_IBUF_BUFG | BRAM[148][20]_i_1_n_0    | BRAM[159][19]_i_1_n_0  |                1 |              7 |
|  clk_IBUF_BUFG | BRAM[45][20]_i_1_n_0     | BRAM[47][18]_i_1_n_0   |                3 |              7 |
|  clk_IBUF_BUFG | BRAM[189][20]_i_1_n_0    | BRAM[191][17]_i_2_n_0  |                3 |              7 |
|  clk_IBUF_BUFG | BRAM[48][20]_i_1_n_0     | BRAM[63][19]_i_2_n_0   |                5 |              7 |
|  clk_IBUF_BUFG | BRAM[60][20]_i_1_n_0     | BRAM[63][12]_i_2_n_0   |                1 |              7 |
|  clk_IBUF_BUFG | BRAM[63][20]_i_1_n_0     | BRAM[63][19]_i_2_n_0   |                5 |              7 |
|  clk_IBUF_BUFG | BRAM[46][20]_i_1_n_0     | BRAM[47][18]_i_1_n_0   |                5 |              7 |
|  clk_IBUF_BUFG | BRAM[47][20]_i_1_n_0     | BRAM[47][18]_i_1_n_0   |                3 |              7 |
|  clk_IBUF_BUFG | BRAM[42][20]_i_1_n_0     | BRAM[47][11]_i_1_n_0   |                2 |              7 |
|  clk_IBUF_BUFG | BRAM[44][20]_i_1_n_0     | BRAM[47][11]_i_1_n_0   |                1 |              7 |
|  clk_IBUF_BUFG | BRAM[61][20]_i_1_n_0     | BRAM[63][12]_i_2_n_0   |                2 |              7 |
|  clk_IBUF_BUFG | BRAM[31][20]_i_1_n_0     | BRAM[63][20]_i_3_n_0   |                5 |              7 |
|  clk_IBUF_BUFG | BRAM[5][20]_i_1_n_0      | BRAM[15][16]_i_1_n_0   |                3 |              8 |
|  clk_IBUF_BUFG | BRAM[58][20]_i_1_n_0     | BRAM[63][12]_i_2_n_0   |                3 |              8 |
|  clk_IBUF_BUFG | BRAM[14][20]_i_1_n_0     | BRAM[15][16]_i_1_n_0   |                2 |              8 |
|  clk_IBUF_BUFG | BRAM[58][20]_i_1_n_0     | BRAM[63][19]_i_2_n_0   |                3 |              8 |
|  clk_IBUF_BUFG | BRAM[14][20]_i_1_n_0     | BRAM[15][8]_i_1_n_0    |                1 |              8 |
|  clk_IBUF_BUFG | BRAM[46][20]_i_1_n_0     | BRAM[47][11]_i_1_n_0   |                2 |              8 |
|  clk_IBUF_BUFG | BRAM[54][20]_i_1_n_0     | BRAM[63][12]_i_2_n_0   |                3 |              8 |
|  clk_IBUF_BUFG | BRAM[64][20]_i_1_n_0     | BRAM[191][1]_i_2_n_0   |                2 |              8 |
|  clk_IBUF_BUFG | BRAM[54][20]_i_1_n_0     | BRAM[63][19]_i_2_n_0   |                4 |              8 |
|  clk_IBUF_BUFG | BRAM[139][20]_i_1_n_0    | BRAM[166][20]_i_2_n_0  |                2 |              8 |
|  clk_IBUF_BUFG | BRAM[63][20]_i_1_n_0     | BRAM[63][12]_i_2_n_0   |                4 |              8 |
|  clk_IBUF_BUFG | BRAM[141][20]_i_1_n_0    | BRAM[143][16]_i_1_n_0  |                3 |              8 |
|  clk_IBUF_BUFG | BRAM[60][20]_i_1_n_0     | BRAM[63][19]_i_2_n_0   |                4 |              8 |
|  clk_IBUF_BUFG | BRAM[141][20]_i_1_n_0    | BRAM[166][20]_i_2_n_0  |                6 |              8 |
|  clk_IBUF_BUFG | BRAM[48][20]_i_1_n_0     | BRAM[63][12]_i_2_n_0   |                1 |              8 |
|  clk_IBUF_BUFG | BRAM[135][20]_i_1_n_0    | BRAM[143][16]_i_1_n_0  |                3 |              8 |
|  clk_IBUF_BUFG | BRAM[45][20]_i_1_n_0     | BRAM[47][11]_i_1_n_0   |                2 |              8 |
|  clk_IBUF_BUFG | BRAM[101][20]_i_1_n_0    | BRAM[111][18]_i_1_n_0  |                4 |              8 |
|  clk_IBUF_BUFG | BRAM[41][20]_i_1_n_0     | BRAM[47][11]_i_1_n_0   |                1 |              8 |
|  clk_IBUF_BUFG | BRAM[100][20]_i_1_n_0    | BRAM[111][10]_i_1_n_0  |                2 |              8 |
|  clk_IBUF_BUFG | BRAM[145][20]_i_1_n_0    | BRAM[159][19]_i_1_n_0  |                1 |              8 |
|  clk_IBUF_BUFG | BRAM[41][20]_i_1_n_0     | BRAM[47][18]_i_1_n_0   |                4 |              8 |
|  clk_IBUF_BUFG | BRAM[36][20]_i_1_n_0     | BRAM[47][11]_i_1_n_0   |                1 |              8 |
|  clk_IBUF_BUFG | BRAM[36][20]_i_1_n_0     | BRAM[47][18]_i_1_n_0   |                4 |              8 |
|  clk_IBUF_BUFG | BRAM[130][20]_i_1_n_0    | BRAM[143][16]_i_1_n_0  |                1 |              8 |
|  clk_IBUF_BUFG | BRAM[39][20]_i_1_n_0     | BRAM[47][11]_i_1_n_0   |                2 |              8 |
|  clk_IBUF_BUFG | BRAM[64][20]_i_1_n_0     | BRAM[79][13]_i_1_n_0   |                2 |              8 |
|  clk_IBUF_BUFG | BRAM[39][20]_i_1_n_0     | BRAM[47][18]_i_1_n_0   |                3 |              8 |
|  clk_IBUF_BUFG | BRAM[129][20]_i_1_n_0    | BRAM[143][16]_i_1_n_0  |                1 |              8 |
|  clk_IBUF_BUFG | BRAM[62][20]_i_1_n_0     | BRAM[63][12]_i_2_n_0   |                4 |              8 |
|  clk_IBUF_BUFG | BRAM[9][20]_i_1_n_0      | BRAM[15][8]_i_1_n_0    |                8 |              8 |
|  clk_IBUF_BUFG | BRAM[43][20]_i_1_n_0     | BRAM[47][18]_i_1_n_0   |                2 |              8 |
|  clk_IBUF_BUFG | BRAM[151][20]_i_1_n_0    | BRAM[159][11]_i_1_n_0  |                1 |              8 |
|  clk_IBUF_BUFG | BRAM[151][20]_i_1_n_0    | BRAM[159][19]_i_1_n_0  |                2 |              8 |
|  clk_IBUF_BUFG | BRAM[55][20]_i_1_n_0     | BRAM[63][12]_i_2_n_0   |                3 |              8 |
|  clk_IBUF_BUFG | BRAM[55][20]_i_1_n_0     | BRAM[63][19]_i_2_n_0   |                3 |              8 |
|  clk_IBUF_BUFG | BRAM[3][20]_i_1_n_0      | BRAM[15][8]_i_1_n_0    |                1 |              8 |
|  clk_IBUF_BUFG | BRAM[137][20]_i_1_n_0    | BRAM[143][16]_i_1_n_0  |                3 |              8 |
|  clk_IBUF_BUFG | BRAM[3][20]_i_1_n_0      | BRAM[15][16]_i_1_n_0   |                2 |              8 |
|  clk_IBUF_BUFG | BRAM[114][20]_i_1_n_0    | BRAM[127][14]_i_2_n_0  |                4 |              8 |
|  clk_IBUF_BUFG | BRAM[37][20]_i_1_n_0     | BRAM[47][11]_i_1_n_0   |                1 |              8 |
|  clk_IBUF_BUFG | BRAM[104][20]_i_1_n_0    | BRAM[111][18]_i_1_n_0  |                3 |              8 |
|  clk_IBUF_BUFG | BRAM[37][20]_i_1_n_0     | BRAM[47][18]_i_1_n_0   |                1 |              8 |
|  clk_IBUF_BUFG | BRAM[140][20]_i_1_n_0    | BRAM[166][20]_i_2_n_0  |                2 |              8 |
|  clk_IBUF_BUFG | BRAM[29][20]_i_1_n_0     | BRAM[31][15]_i_1_n_0   |                4 |              8 |
|  clk_IBUF_BUFG | BRAM[153][20]_i_1_n_0    | BRAM[159][11]_i_1_n_0  |                1 |              8 |
|  clk_IBUF_BUFG | BRAM[153][20]_i_1_n_0    | BRAM[159][19]_i_1_n_0  |                1 |              8 |
|  clk_IBUF_BUFG | BRAM[30][20]_i_1_n_0     | BRAM[31][15]_i_1_n_0   |                5 |              8 |
|  clk_IBUF_BUFG | BRAM[25][20]_i_1_n_0     | BRAM[31][15]_i_1_n_0   |                2 |              8 |
|  clk_IBUF_BUFG | BRAM[2][20]_i_1_n_0      | BRAM[15][8]_i_1_n_0    |                2 |              8 |
|  clk_IBUF_BUFG | BRAM[156][20]_i_1_n_0    | BRAM[159][11]_i_1_n_0  |                1 |              8 |
|  clk_IBUF_BUFG | BRAM[156][20]_i_1_n_0    | BRAM[159][19]_i_1_n_0  |                1 |              8 |
|  clk_IBUF_BUFG | BRAM[2][20]_i_1_n_0      | BRAM[15][16]_i_1_n_0   |                2 |              8 |
|  clk_IBUF_BUFG | BRAM[28][20]_i_1_n_0     | BRAM[31][15]_i_1_n_0   |                5 |              8 |
|  clk_IBUF_BUFG | BRAM[1][20]_i_1_n_0      | BRAM[15][8]_i_1_n_0    |                2 |              8 |
|  clk_IBUF_BUFG | BRAM[1][20]_i_1_n_0      | BRAM[15][16]_i_1_n_0   |                3 |              8 |
|  clk_IBUF_BUFG | BRAM[27][20]_i_1_n_0     | BRAM[31][15]_i_1_n_0   |                3 |              8 |
|  clk_IBUF_BUFG | BRAM[9][20]_i_1_n_0      | BRAM[15][16]_i_1_n_0   |                5 |              8 |
|  clk_IBUF_BUFG | BRAM[162][20]_i_1_n_0    | BRAM[175][20]_i_2_n_0  |                1 |              8 |
|  clk_IBUF_BUFG | BRAM[26][20]_i_1_n_0     | BRAM[31][15]_i_1_n_0   |                3 |              8 |
|  clk_IBUF_BUFG | BRAM[152][20]_i_1_n_0    | BRAM[159][11]_i_1_n_0  |                1 |              8 |
|  clk_IBUF_BUFG | BRAM[152][20]_i_1_n_0    | BRAM[159][19]_i_1_n_0  |                2 |              8 |
|  clk_IBUF_BUFG | BRAM[24][20]_i_1_n_0     | BRAM[31][15]_i_1_n_0   |                3 |              8 |
|  clk_IBUF_BUFG | BRAM[23][20]_i_1_n_0     | BRAM[31][15]_i_1_n_0   |                4 |              8 |
|  clk_IBUF_BUFG | BRAM[19][20]_i_1_n_0     | BRAM[31][15]_i_1_n_0   |                3 |              8 |
|  clk_IBUF_BUFG | BRAM[5][20]_i_1_n_0      | BRAM[15][8]_i_1_n_0    |                3 |              8 |
|  clk_IBUF_BUFG | BRAM[154][20]_i_1_n_0    | BRAM[159][11]_i_1_n_0  |                5 |              8 |
|  clk_IBUF_BUFG | BRAM[98][20]_i_1_n_0     | BRAM[111][18]_i_1_n_0  |                3 |              8 |
|  clk_IBUF_BUFG | BRAM[161][20]_i_1_n_0    | BRAM[175][20]_i_2_n_0  |                1 |              8 |
|  clk_IBUF_BUFG | BRAM[154][20]_i_1_n_0    | BRAM[159][19]_i_1_n_0  |                1 |              8 |
|  clk_IBUF_BUFG | BRAM[142][20]_i_1_n_0    | BRAM[143][16]_i_1_n_0  |                3 |              8 |
|  clk_IBUF_BUFG | BRAM[122][20]_i_1_n_0    | BRAM[127][14]_i_2_n_0  |                2 |              8 |
|  clk_IBUF_BUFG | BRAM[142][20]_i_1_n_0    | BRAM[166][20]_i_2_n_0  |                4 |              8 |
|  clk_IBUF_BUFG | BRAM[98][20]_i_1_n_0     | BRAM[111][10]_i_1_n_0  |                4 |              8 |
|  clk_IBUF_BUFG | BRAM[94][20]_i_1_n_0     | BRAM[95][15]_i_1_n_0   |                4 |              8 |
|  clk_IBUF_BUFG | BRAM[93][20]_i_1_n_0     | BRAM[95][15]_i_1_n_0   |                4 |              8 |
|  clk_IBUF_BUFG | BRAM[119][20]_i_1_n_0    | BRAM[127][14]_i_2_n_0  |                2 |              8 |
|  clk_IBUF_BUFG | BRAM[163][20]_i_1_n_0    | BRAM[175][20]_i_2_n_0  |                3 |              8 |
|  clk_IBUF_BUFG | BRAM[15][20]_i_1_n_0     | BRAM[15][16]_i_1_n_0   |                5 |              8 |
|  clk_IBUF_BUFG | BRAM[92][20]_i_1_n_0     | BRAM[95][15]_i_1_n_0   |                3 |              8 |
|  clk_IBUF_BUFG | BRAM[15][20]_i_1_n_0     | BRAM[15][8]_i_1_n_0    |                1 |              8 |
|  clk_IBUF_BUFG | BRAM[77][20]_i_1_n_0     | BRAM[79][13]_i_1_n_0   |                3 |              8 |
|  clk_IBUF_BUFG | BRAM[8][20]_i_1_n_0      | BRAM[15][8]_i_1_n_0    |                4 |              8 |
|  clk_IBUF_BUFG | BRAM[133][20]_i_1_n_0    | BRAM[143][16]_i_1_n_0  |                1 |              8 |
|  clk_IBUF_BUFG | BRAM[123][20]_i_1_n_0    | BRAM[127][14]_i_2_n_0  |                4 |              8 |
|  clk_IBUF_BUFG | BRAM[8][20]_i_1_n_0      | BRAM[15][16]_i_1_n_0   |                6 |              8 |
|  clk_IBUF_BUFG | BRAM[79][20]_i_1_n_0     | BRAM[79][13]_i_1_n_0   |                4 |              8 |
|  clk_IBUF_BUFG | BRAM[144][20]_i_1_n_0    | BRAM[159][19]_i_1_n_0  |                1 |              8 |
|  clk_IBUF_BUFG | BRAM[68][20]_i_1_n_0     | BRAM[191][1]_i_2_n_0   |                3 |              8 |
|  clk_IBUF_BUFG | BRAM[112][20]_i_1_n_0    | BRAM[127][14]_i_2_n_0  |                2 |              8 |
|  clk_IBUF_BUFG | BRAM[109][20]_i_1_n_0    | BRAM[111][10]_i_1_n_0  |                1 |              8 |
|  clk_IBUF_BUFG | BRAM[88][20]_i_1_n_0     | BRAM[95][15]_i_1_n_0   |                3 |              8 |
|  clk_IBUF_BUFG | BRAM[128][20]_i_1_n_0    | BRAM[143][16]_i_1_n_0  |                6 |              8 |
|  clk_IBUF_BUFG | BRAM[87][20]_i_1_n_0     | BRAM[95][15]_i_1_n_0   |                1 |              8 |
|  clk_IBUF_BUFG | BRAM[110][20]_i_1_n_0    | BRAM[111][10]_i_1_n_0  |                2 |              8 |
|  clk_IBUF_BUFG | BRAM[12][20]_i_1_n_0     | BRAM[15][16]_i_1_n_0   |                4 |              8 |
|  clk_IBUF_BUFG | BRAM[86][20]_i_1_n_0     | BRAM[95][15]_i_1_n_0   |                2 |              8 |
|  clk_IBUF_BUFG | BRAM[12][20]_i_1_n_0     | BRAM[15][8]_i_1_n_0    |                2 |              8 |
|  clk_IBUF_BUFG | BRAM[72][20]_i_1_n_0     | BRAM[79][13]_i_1_n_0   |                6 |              8 |
|  clk_IBUF_BUFG | BRAM[104][20]_i_1_n_0    | BRAM[111][10]_i_1_n_0  |                3 |              8 |
|  clk_IBUF_BUFG | BRAM[148][20]_i_1_n_0    | BRAM[159][11]_i_1_n_0  |                1 |              8 |
|  clk_IBUF_BUFG | BRAM[76][20]_i_1_n_0     | BRAM[79][13]_i_1_n_0   |                7 |              8 |
|  clk_IBUF_BUFG | BRAM[113][20]_i_1_n_0    | BRAM[127][14]_i_2_n_0  |                1 |              8 |
|  clk_IBUF_BUFG | BRAM[0][20]_i_1_n_0      | BRAM[15][8]_i_1_n_0    |                4 |              8 |
|  clk_IBUF_BUFG | BRAM[75][20]_i_1_n_0     | BRAM[79][13]_i_1_n_0   |                2 |              8 |
|  clk_IBUF_BUFG | BRAM[158][20]_i_1_n_0    | BRAM[159][11]_i_1_n_0  |                2 |              8 |
|  clk_IBUF_BUFG | BRAM[158][20]_i_1_n_0    | BRAM[159][19]_i_1_n_0  |                2 |              8 |
|  clk_IBUF_BUFG | BRAM[67][20]_i_1_n_0     | BRAM[191][1]_i_2_n_0   |                3 |              8 |
|  clk_IBUF_BUFG | BRAM[118][20]_i_1_n_0    | BRAM[127][14]_i_2_n_0  |                4 |              8 |
|  clk_IBUF_BUFG | BRAM[70][20]_i_1_n_0     | BRAM[79][13]_i_1_n_0   |                2 |              8 |
|  clk_IBUF_BUFG | BRAM[159][20]_i_1_n_0    | BRAM[159][11]_i_1_n_0  |                5 |              8 |
|  clk_IBUF_BUFG | BRAM[159][20]_i_1_n_0    | BRAM[159][19]_i_1_n_0  |                3 |              8 |
|  clk_IBUF_BUFG | BRAM[65][20]_i_1_n_0     | BRAM[191][1]_i_2_n_0   |                1 |              8 |
|  clk_IBUF_BUFG | BRAM[65][20]_i_1_n_0     | BRAM[79][13]_i_1_n_0   |                3 |              8 |
|  clk_IBUF_BUFG | BRAM[120][20]_i_1_n_0    | BRAM[127][14]_i_2_n_0  |                1 |              8 |
|  clk_IBUF_BUFG | BRAM[69][20]_i_1_n_0     | BRAM[79][13]_i_1_n_0   |                3 |              8 |
|  clk_IBUF_BUFG | BRAM[6][20]_i_1_n_0      | BRAM[15][8]_i_1_n_0    |                4 |              8 |
|  clk_IBUF_BUFG | BRAM[160][20]_i_1_n_0    | BRAM[175][12]_i_1_n_0  |                2 |              8 |
|  clk_IBUF_BUFG | BRAM[160][20]_i_1_n_0    | BRAM[175][20]_i_2_n_0  |                1 |              8 |
|  clk_IBUF_BUFG | BRAM[6][20]_i_1_n_0      | BRAM[15][16]_i_1_n_0   |                4 |              8 |
|  clk_IBUF_BUFG | BRAM[136][20]_i_1_n_0    | BRAM[143][16]_i_1_n_0  |                5 |              8 |
|  clk_IBUF_BUFG | BRAM[100][20]_i_1_n_0    | BRAM[111][18]_i_1_n_0  |                3 |              8 |
|  clk_IBUF_BUFG | BRAM[83][20]_i_1_n_0     | BRAM[95][15]_i_1_n_0   |                4 |              8 |
|  clk_IBUF_BUFG | BRAM[80][20]_i_1_n_0     | BRAM[95][15]_i_1_n_0   |                2 |              8 |
|  clk_IBUF_BUFG | BRAM[157][20]_i_1_n_0    | BRAM[159][11]_i_1_n_0  |                5 |              8 |
|  clk_IBUF_BUFG | BRAM[157][20]_i_1_n_0    | BRAM[159][19]_i_1_n_0  |                2 |              8 |
|  clk_IBUF_BUFG | BRAM[106][20]_i_1_n_0    | BRAM[111][18]_i_1_n_0  |                3 |              8 |
|  clk_IBUF_BUFG | BRAM[7][20]_i_1_n_0      | BRAM[15][8]_i_1_n_0    |                1 |              8 |
|  clk_IBUF_BUFG | BRAM[0][20]_i_1_n_0      | BRAM[15][16]_i_1_n_0   |                4 |              8 |
|  clk_IBUF_BUFG | BRAM[190][20]_i_1_n_0    | BRAM[191][9]_i_2_n_0   |                4 |              8 |
|  clk_IBUF_BUFG | BRAM[126][20]_i_1_n_0    | BRAM[127][14]_i_2_n_0  |                4 |              8 |
|  clk_IBUF_BUFG | BRAM[190][20]_i_1_n_0    | BRAM[191][17]_i_2_n_0  |                7 |              8 |
|  clk_IBUF_BUFG | BRAM[7][20]_i_1_n_0      | BRAM[15][16]_i_1_n_0   |                6 |              8 |
|  clk_IBUF_BUFG | BRAM[74][20]_i_1_n_0     | BRAM[79][13]_i_1_n_0   |                5 |              8 |
|  clk_IBUF_BUFG | BRAM[125][20]_i_1_n_0    | BRAM[127][14]_i_2_n_0  |                3 |              8 |
|  clk_IBUF_BUFG | BRAM[169][20]_i_1_n_0    | BRAM[175][12]_i_1_n_0  |                2 |              8 |
|  clk_IBUF_BUFG | BRAM[169][20]_i_1_n_0    | BRAM[175][20]_i_2_n_0  |                2 |              8 |
|  clk_IBUF_BUFG | BRAM[95][20]_i_1_n_0     | BRAM[95][15]_i_1_n_0   |                5 |              8 |
|  clk_IBUF_BUFG | BRAM[182][20]_i_1_n_0    | BRAM[191][9]_i_2_n_0   |                2 |              8 |
|  clk_IBUF_BUFG | BRAM[78][20]_i_1_n_0     | BRAM[79][13]_i_1_n_0   |                5 |              8 |
|  clk_IBUF_BUFG | BRAM[182][20]_i_1_n_0    | BRAM[191][17]_i_2_n_0  |                2 |              8 |
|  clk_IBUF_BUFG | BRAM[97][20]_i_1_n_0     | BRAM[111][18]_i_1_n_0  |                4 |              8 |
|  clk_IBUF_BUFG | BRAM[111][20]_i_1_n_0    | BRAM[111][10]_i_1_n_0  |                2 |              8 |
|  clk_IBUF_BUFG | BRAM[170][20]_i_1_n_0    | BRAM[175][12]_i_1_n_0  |                4 |              8 |
|  clk_IBUF_BUFG | BRAM[170][20]_i_1_n_0    | BRAM[175][20]_i_2_n_0  |                6 |              8 |
|  clk_IBUF_BUFG | BRAM[97][20]_i_1_n_0     | BRAM[111][10]_i_1_n_0  |                6 |              8 |
|  clk_IBUF_BUFG | BRAM[179][20]_i_1_n_0    | BRAM[191][9]_i_2_n_0   |                2 |              8 |
|  clk_IBUF_BUFG | BRAM[81][20]_i_1_n_0     | BRAM[95][15]_i_1_n_0   |                2 |              8 |
|  clk_IBUF_BUFG | BRAM[179][20]_i_1_n_0    | BRAM[191][17]_i_2_n_0  |                1 |              8 |
|  clk_IBUF_BUFG | BRAM[111][20]_i_1_n_0    | BRAM[111][18]_i_1_n_0  |                3 |              8 |
|  clk_IBUF_BUFG | BRAM[180][20]_i_1_n_0    | BRAM[191][9]_i_2_n_0   |                1 |              8 |
|  clk_IBUF_BUFG | BRAM[84][20]_i_1_n_0     | BRAM[95][15]_i_1_n_0   |                3 |              8 |
|  clk_IBUF_BUFG | BRAM[180][20]_i_1_n_0    | BRAM[191][17]_i_2_n_0  |                2 |              8 |
|  clk_IBUF_BUFG | BRAM[108][20]_i_1_n_0    | BRAM[111][10]_i_1_n_0  |                1 |              8 |
|  clk_IBUF_BUFG | BRAM[85][20]_i_1_n_0     | BRAM[95][15]_i_1_n_0   |                2 |              8 |
|  clk_IBUF_BUFG | BRAM[173][20]_i_1_n_0    | BRAM[175][12]_i_1_n_0  |                5 |              8 |
|  clk_IBUF_BUFG | BRAM[173][20]_i_1_n_0    | BRAM[175][20]_i_2_n_0  |                2 |              8 |
|  clk_IBUF_BUFG | BRAM[71][20]_i_1_n_0     | BRAM[79][13]_i_1_n_0   |                6 |              8 |
|  clk_IBUF_BUFG | BRAM[105][20]_i_1_n_0    | BRAM[111][18]_i_1_n_0  |                7 |              8 |
|  clk_IBUF_BUFG | BRAM[168][20]_i_1_n_0    | BRAM[175][12]_i_1_n_0  |                2 |              8 |
|  clk_IBUF_BUFG | BRAM[168][20]_i_1_n_0    | BRAM[175][20]_i_2_n_0  |                1 |              8 |
|  clk_IBUF_BUFG | BRAM[66][20]_i_1_n_0     | BRAM[191][1]_i_2_n_0   |                1 |              8 |
|  clk_IBUF_BUFG | BRAM[11][20]_i_1_n_0     | BRAM[15][16]_i_1_n_0   |                2 |              8 |
|  clk_IBUF_BUFG | BRAM[99][20]_i_1_n_0     | BRAM[111][18]_i_1_n_0  |                6 |              8 |
|  clk_IBUF_BUFG | BRAM[184][20]_i_1_n_0    | BRAM[191][17]_i_2_n_0  |                4 |              8 |
|  clk_IBUF_BUFG | BRAM[11][20]_i_1_n_0     | BRAM[15][8]_i_1_n_0    |                4 |              8 |
|  clk_IBUF_BUFG | BRAM[99][20]_i_1_n_0     | BRAM[111][10]_i_1_n_0  |                4 |              8 |
|  clk_IBUF_BUFG | BRAM[176][20]_i_1_n_0    | BRAM[191][9]_i_2_n_0   |                1 |              8 |
|  clk_IBUF_BUFG | BRAM[124][20]_i_1_n_0    | BRAM[127][14]_i_2_n_0  |                3 |              8 |
|  clk_IBUF_BUFG | BRAM[176][20]_i_1_n_0    | BRAM[191][17]_i_2_n_0  |                3 |              8 |
|  clk_IBUF_BUFG | BRAM[96][20]_i_1_n_0     | BRAM[111][18]_i_1_n_0  |                4 |              8 |
|  clk_IBUF_BUFG | BRAM[96][20]_i_1_n_0     | BRAM[111][10]_i_1_n_0  |                4 |              8 |
|  clk_IBUF_BUFG | BRAM[73][20]_i_1_n_0     | BRAM[79][13]_i_1_n_0   |                2 |              8 |
|  clk_IBUF_BUFG | BRAM[166][20]_i_1_n_0    | BRAM[175][12]_i_1_n_0  |                3 |              8 |
|  clk_IBUF_BUFG | BRAM[127][20]_i_1_n_0    | BRAM[127][14]_i_2_n_0  |                5 |              8 |
|  clk_IBUF_BUFG | BRAM[34][20]_i_1_n_0     | BRAM[47][11]_i_1_n_0   |                1 |              8 |
|  clk_IBUF_BUFG | BRAM[34][20]_i_1_n_0     | BRAM[47][18]_i_1_n_0   |                3 |              8 |
|  clk_IBUF_BUFG | BRAM[172][20]_i_1_n_0    | BRAM[175][12]_i_1_n_0  |                4 |              8 |
|  clk_IBUF_BUFG | BRAM[172][20]_i_1_n_0    | BRAM[175][20]_i_2_n_0  |                3 |              8 |
|  clk_IBUF_BUFG | BRAM[59][20]_i_1_n_0     | BRAM[63][19]_i_2_n_0   |                3 |              8 |
|  clk_IBUF_BUFG | BRAM[121][20]_i_1_n_0    | BRAM[127][14]_i_2_n_0  |                3 |              8 |
|  clk_IBUF_BUFG | BRAM[56][20]_i_1_n_0     | BRAM[63][12]_i_2_n_0   |                1 |              8 |
|  clk_IBUF_BUFG | BRAM[185][20]_i_1_n_0    | BRAM[191][17]_i_2_n_0  |                5 |              8 |
|  clk_IBUF_BUFG | BRAM[56][20]_i_1_n_0     | BRAM[63][19]_i_2_n_0   |                2 |              8 |
|  clk_IBUF_BUFG | BRAM[52][20]_i_1_n_0     | BRAM[63][12]_i_2_n_0   |                2 |              8 |
|  clk_IBUF_BUFG | BRAM[10][20]_i_1_n_0     | BRAM[15][16]_i_1_n_0   |                1 |              8 |
|  clk_IBUF_BUFG | BRAM[52][20]_i_1_n_0     | BRAM[63][19]_i_2_n_0   |                3 |              8 |
|  clk_IBUF_BUFG | BRAM[186][20]_i_1_n_0    | BRAM[191][17]_i_2_n_0  |                5 |              8 |
|  clk_IBUF_BUFG | BRAM[10][20]_i_1_n_0     | BRAM[15][8]_i_1_n_0    |                2 |              8 |
|  clk_IBUF_BUFG | BRAM[16][20]_i_1_n_0     | BRAM[31][15]_i_1_n_0   |                3 |              8 |
|  clk_IBUF_BUFG | BRAM[35][20]_i_1_n_0     | BRAM[47][11]_i_1_n_0   |                2 |              8 |
|  clk_IBUF_BUFG | BRAM[82][20]_i_1_n_0     | BRAM[95][15]_i_1_n_0   |                1 |              8 |
|  clk_IBUF_BUFG | BRAM[146][20]_i_1_n_0    | BRAM[159][19]_i_1_n_0  |                2 |              8 |
|  clk_IBUF_BUFG | BRAM[35][20]_i_1_n_0     | BRAM[47][18]_i_1_n_0   |                1 |              8 |
|  clk_IBUF_BUFG | BRAM[174][20]_i_1_n_0    | BRAM[175][12]_i_1_n_0  |                2 |              8 |
|  clk_IBUF_BUFG | BRAM[174][20]_i_1_n_0    | BRAM[175][20]_i_2_n_0  |                5 |              8 |
|  clk_IBUF_BUFG | BRAM[32][20]_i_1_n_0     | BRAM[47][11]_i_1_n_0   |                2 |              8 |
|  clk_IBUF_BUFG | BRAM[177][20]_i_1_n_0    | BRAM[191][9]_i_2_n_0   |                1 |              8 |
|  clk_IBUF_BUFG | BRAM[32][20]_i_1_n_0     | BRAM[47][18]_i_1_n_0   |                2 |              8 |
|  clk_IBUF_BUFG | BRAM[177][20]_i_1_n_0    | BRAM[191][17]_i_2_n_0  |                4 |              8 |
|  clk_IBUF_BUFG | BRAM[147][20]_i_1_n_0    | BRAM[159][11]_i_1_n_0  |                3 |              8 |
|  clk_IBUF_BUFG | BRAM[188][20]_i_1_n_0    | BRAM[191][9]_i_2_n_0   |                2 |              8 |
|  clk_IBUF_BUFG | BRAM[103][20]_i_1_n_0    | BRAM[111][18]_i_1_n_0  |                3 |              8 |
|  clk_IBUF_BUFG | BRAM[31][20]_i_1_n_0     | BRAM[31][15]_i_1_n_0   |                4 |              8 |
|  clk_IBUF_BUFG | BRAM[61][20]_i_1_n_0     | BRAM[63][19]_i_2_n_0   |                4 |              8 |
|  clk_IBUF_BUFG | BRAM[53][20]_i_1_n_0     | BRAM[63][12]_i_2_n_0   |                1 |              8 |
|  clk_IBUF_BUFG | BRAM[178][20]_i_1_n_0    | BRAM[191][9]_i_2_n_0   |                1 |              8 |
|  clk_IBUF_BUFG | BRAM[150][20]_i_1_n_0    | BRAM[159][11]_i_1_n_0  |                2 |              8 |
|  clk_IBUF_BUFG | BRAM[178][20]_i_1_n_0    | BRAM[191][17]_i_2_n_0  |                2 |              8 |
|  clk_IBUF_BUFG | BRAM[150][20]_i_1_n_0    | BRAM[159][19]_i_1_n_0  |                1 |              8 |
|  clk_IBUF_BUFG | BRAM[181][20]_i_1_n_0    | BRAM[191][9]_i_2_n_0   |                2 |              8 |
|  clk_IBUF_BUFG | BRAM[53][20]_i_1_n_0     | BRAM[63][19]_i_2_n_0   |                4 |              8 |
|  clk_IBUF_BUFG | BRAM[181][20]_i_1_n_0    | BRAM[191][17]_i_2_n_0  |                3 |              8 |
|  clk_IBUF_BUFG | BRAM[4][20]_i_1_n_0      | BRAM[15][8]_i_1_n_0    |                1 |              8 |
|  clk_IBUF_BUFG | BRAM[187][20]_i_1_n_0    | BRAM[191][9]_i_2_n_0   |                2 |              8 |
|  clk_IBUF_BUFG | BRAM[13][20]_i_1_n_0     | BRAM[15][16]_i_1_n_0   |                1 |              8 |
|  clk_IBUF_BUFG | BRAM[4][20]_i_1_n_0      | BRAM[15][16]_i_1_n_0   |                2 |              8 |
|  clk_IBUF_BUFG | BRAM[13][20]_i_1_n_0     | BRAM[15][8]_i_1_n_0    |                1 |              8 |
|  clk_IBUF_BUFG | BRAM[40][20]_i_1_n_0     | BRAM[47][11]_i_1_n_0   |                2 |              8 |
|  clk_IBUF_BUFG | BRAM[40][20]_i_1_n_0     | BRAM[47][18]_i_1_n_0   |                3 |              8 |
|  clk_IBUF_BUFG | BRAM[167][20]_i_1_n_0    | BRAM[175][12]_i_1_n_0  |                2 |              8 |
|  clk_IBUF_BUFG | BRAM[167][20]_i_1_n_0    | BRAM[175][20]_i_2_n_0  |                2 |              8 |
|  clk_IBUF_BUFG | BRAM[149][20]_i_1_n_0    | BRAM[159][11]_i_1_n_0  |                1 |              8 |
|  clk_IBUF_BUFG | BRAM[103][20]_i_1_n_0    | BRAM[111][10]_i_1_n_0  |                4 |              8 |
|  clk_IBUF_BUFG | BRAM[49][20]_i_1_n_0     | BRAM[63][12]_i_2_n_0   |                2 |              8 |
|  clk_IBUF_BUFG | BRAM[165][20]_i_1_n_0    | BRAM[175][12]_i_1_n_0  |                4 |              8 |
|  clk_IBUF_BUFG | BRAM[49][20]_i_1_n_0     | BRAM[63][19]_i_2_n_0   |                1 |              8 |
|  clk_IBUF_BUFG | BRAM[17][20]_i_1_n_0     | BRAM[31][15]_i_1_n_0   |                2 |              8 |
|  clk_IBUF_BUFG | BRAM[44][20]_i_1_n_0     | BRAM[47][18]_i_1_n_0   |                6 |              8 |
|  clk_IBUF_BUFG | BRAM[131][20]_i_1_n_0    | BRAM[143][16]_i_1_n_0  |                1 |              8 |
|  clk_IBUF_BUFG | BRAM[42][20]_i_1_n_0     | BRAM[47][18]_i_1_n_0   |                3 |              8 |
|  clk_IBUF_BUFG | BRAM[101][20]_i_1_n_0    | BRAM[111][10]_i_1_n_0  |                2 |              8 |
|  clk_IBUF_BUFG | BRAM[38][20]_i_1_n_0     | BRAM[47][11]_i_1_n_0   |                2 |              8 |
|  clk_IBUF_BUFG | BRAM[171][20]_i_1_n_0    | BRAM[175][12]_i_1_n_0  |                5 |              8 |
|  clk_IBUF_BUFG | BRAM[171][20]_i_1_n_0    | BRAM[175][20]_i_2_n_0  |                2 |              8 |
|  clk_IBUF_BUFG | BRAM[18][20]_i_1_n_0     | BRAM[31][15]_i_1_n_0   |                4 |              8 |
|  clk_IBUF_BUFG | BRAM[134][20]_i_1_n_0    | BRAM[143][16]_i_1_n_0  |                1 |              8 |
|  clk_IBUF_BUFG | BRAM[38][20]_i_1_n_0     | BRAM[47][18]_i_1_n_0   |                3 |              8 |
|  clk_IBUF_BUFG | BRAM[102][20]_i_1_n_0    | BRAM[111][18]_i_1_n_0  |                2 |              8 |
|  clk_IBUF_BUFG | BRAM[50][20]_i_1_n_0     | BRAM[63][12]_i_2_n_0   |                2 |              8 |
|  clk_IBUF_BUFG | BRAM[155][20]_i_1_n_0    | BRAM[159][11]_i_1_n_0  |                3 |              8 |
|  clk_IBUF_BUFG | BRAM[155][20]_i_1_n_0    | BRAM[159][19]_i_1_n_0  |                3 |              8 |
|  clk_IBUF_BUFG | BRAM[164][20]_i_1_n_0    | BRAM[175][12]_i_1_n_0  |                2 |              8 |
|  clk_IBUF_BUFG | BRAM[50][20]_i_1_n_0     | BRAM[63][19]_i_2_n_0   |                2 |              8 |
|  clk_IBUF_BUFG | BRAM[47][20]_i_1_n_0     | BRAM[47][11]_i_1_n_0   |                7 |              8 |
|  clk_IBUF_BUFG | BRAM[33][20]_i_1_n_0     | BRAM[47][11]_i_1_n_0   |                1 |              8 |
|  clk_IBUF_BUFG | BRAM[175][20]_i_1_n_0    | BRAM[175][12]_i_1_n_0  |                5 |              8 |
|  clk_IBUF_BUFG | BRAM[175][20]_i_1_n_0    | BRAM[175][20]_i_2_n_0  |                5 |              8 |
|  clk_IBUF_BUFG | BRAM[143][20]_i_1_n_0    | BRAM[143][16]_i_1_n_0  |                4 |              8 |
|  clk_IBUF_BUFG | BRAM[183][20]_i_1_n_0    | BRAM[191][9]_i_2_n_0   |                1 |              8 |
|  clk_IBUF_BUFG | BRAM[33][20]_i_1_n_0     | BRAM[47][18]_i_1_n_0   |                3 |              8 |
|  clk_IBUF_BUFG | BRAM[183][20]_i_1_n_0    | BRAM[191][17]_i_2_n_0  |                4 |              8 |
|  clk_IBUF_BUFG | BRAM[143][20]_i_1_n_0    | BRAM[166][20]_i_2_n_0  |                7 |              8 |
|  clk_IBUF_BUFG | BRAM[189][20]_i_1_n_0    | BRAM[191][9]_i_2_n_0   |                3 |              8 |
|  clk_IBUF_BUFG | BRAM[51][20]_i_1_n_0     | BRAM[63][12]_i_2_n_0   |                2 |              8 |
|  clk_IBUF_BUFG | BRAM[102][20]_i_1_n_0    | BRAM[111][10]_i_1_n_0  |                1 |              8 |
|  clk_IBUF_BUFG | BRAM[51][20]_i_1_n_0     | BRAM[63][19]_i_2_n_0   |                7 |              8 |
|  clk_IBUF_BUFG | BRAM[138][20]_i_1_n_0    | BRAM[166][20]_i_2_n_0  |                1 |              8 |
|  clk_IBUF_BUFG | BRAM[191][20]_i_1_n_0    | BRAM[191][9]_i_2_n_0   |                6 |              8 |
|  clk_IBUF_BUFG | BRAM[57][20]_i_1_n_0     | BRAM[63][12]_i_2_n_0   |                5 |              8 |
|  clk_IBUF_BUFG | BRAM[191][20]_i_1_n_0    | BRAM[191][17]_i_2_n_0  |                6 |              8 |
|  clk_IBUF_BUFG | BRAM[132][20]_i_1_n_0    | BRAM[143][16]_i_1_n_0  |                2 |              8 |
|  clk_IBUF_BUFG | BRAM[57][20]_i_1_n_0     | BRAM[63][19]_i_2_n_0   |                2 |              8 |
|  clk_IBUF_BUFG | BRAM[107][20]_i_1_n_0    | BRAM[111][18]_i_1_n_0  |                3 |              8 |
|  clk_IBUF_BUFG |                          |                        |                6 |             12 |
|  clk_IBUF_BUFG | wrEn_IBUF                | input_count[0]_i_2_n_0 |                7 |             19 |
|  inside_res1   |                          |                        |                8 |             21 |
|  clk_IBUF_BUFG | addrSaver_reg[0]__0      | BRAM[63][4]_i_2_n_0    |                7 |             23 |
|  clk_IBUF_BUFG | recentMax[2][20]_i_1_n_0 | BRAM[63][4]_i_2_n_0    |                9 |             24 |
|  clk_IBUF_BUFG | recentMax[1][20]_i_1_n_0 | BRAM[63][4]_i_2_n_0    |               11 |             24 |
|  clk_IBUF_BUFG |                          | stateRAM[191]_i_2_n_0  |               25 |             89 |
|  clk_IBUF_BUFG |                          | input_count[0]_i_2_n_0 |               31 |            106 |
+----------------+--------------------------+------------------------+------------------+----------------+


